cd /home/guxue/fducompilerh2026/HW12/test && \
for file in $(ls .); do \
	if [ "${file#*.}" = "5-xml.asm" ]; then \
		echo "Reading ${file}"; \
		/home/guxue/fducompilerh2026/HW12/build/tools/main/main "${file%%.*}"; \
	fi; \
done; \
cd .. > /dev/null 2>&1 
Reading bubblesort.5-xml.asm
Reading assembly program from: bubblesort.5-xml.asm
Writing assembly to: bubblesort.s

Building interference graphs...

Interference Graph for function: b1^bubbleSort
Interference Graph: size=81
Node 0: 1 2 3 11 13 101 102 103 10001 10500 10600 10700 10800 10900 11000 11100 11200 11300 11500 11700 11800 12000 12200 12400 12600 12800 12900 13100 
Node 1: 0 2 3 11 13 101 102 103 10001 10500 10600 10700 10800 10900 11000 11100 11200 11300 11500 11700 11800 12000 12200 12400 12600 12800 13100 
Node 2: 0 1 3 11 13 101 102 103 10001 10500 10600 10700 10800 10900 11000 11100 11200 11300 11500 11700 11800 12000 12200 12400 12600 13100 
Node 3: 0 1 2 11 101 102 103 10001 10500 10600 10700 10800 10900 11000 11100 11200 11300 11500 11700 11800 12000 12200 12400 12600 
Node 4: 5 6 7 8 9 10 11 13 14 101 102 103 10001 
Node 5: 4 6 7 8 9 10 11 13 14 101 102 103 10001 
Node 6: 4 5 7 8 9 10 11 13 14 101 102 103 10001 
Node 7: 4 5 6 8 9 10 11 13 14 101 102 103 10001 
Node 8: 4 5 6 7 9 10 11 13 14 101 102 103 10001 
Node 9: 4 5 6 7 8 10 11 13 14 101 102 103 10001 
Node 10: 4 5 6 7 8 9 11 13 14 101 102 103 10001 
Node 11: 0 1 2 3 4 5 6 7 8 9 10 13 14 101 102 103 166 167 168 169 170 171 172 173 174 175 176 177 178 179 180 181 182 183 184 185 10000 10001 10002 10500 10600 10700 10800 10900 11000 11100 11200 11300 11500 11700 11800 12000 12200 12400 12600 12700 12800 12900 13000 13100 13200 13300 13500 13600 13900 14000 14200 14400 14500 14600 14800 15100 15200 15300 15400 15500 15700 15900 16000 16300 
Node 13: 0 1 2 4 5 6 7 8 9 10 11 14 101 102 103 10001 
Node 14: 4 5 6 7 8 9 10 11 13 101 102 103 10001 
Node 101: 0 1 2 3 4 5 6 7 8 9 10 11 13 14 102 103 166 167 168 169 170 171 172 173 174 175 176 177 178 179 180 181 182 183 184 10000 10001 10002 10500 10600 10700 10800 10900 11000 11100 11200 11300 11500 11700 11800 12000 12200 12400 12600 12700 12800 12900 13100 13200 13300 13500 13600 13900 14000 14200 14500 14600 14800 15100 15200 15300 15400 15500 15700 15900 16000 16300 
Node 102: 0 1 2 3 4 5 6 7 8 9 10 11 13 14 101 103 166 167 168 169 170 171 172 173 174 175 176 177 178 179 180 181 182 183 184 10000 10001 10002 10500 10600 10700 10800 10900 11000 11100 11200 11300 11800 12700 12800 13000 13100 13200 13300 13500 13600 13900 14000 14200 14400 14500 14600 14800 15100 15200 15300 15400 15500 15700 15900 16000 16300 
Node 103: 0 1 2 3 4 5 6 7 8 9 10 11 13 14 101 102 166 167 168 169 170 171 172 173 174 175 176 177 178 179 180 181 182 183 184 10000 10001 10002 10500 10600 10700 10800 10900 11000 11100 11200 11300 11500 11700 11800 12000 12200 12400 12600 12700 12800 12900 13000 13100 13200 13300 13500 13600 13900 14000 14200 14400 14500 14600 14800 15100 15200 15300 15400 15500 15700 15900 16000 16300 
Node 166: 11 101 102 103 10001 10600 11500 11700 13500 
Node 167: 11 101 102 103 10001 11700 11800 13900 
Node 168: 11 101 102 103 10001 12000 12200 14400 14500 
Node 169: 11 101 102 103 10001 11200 12200 12400 12600 15100 15400 
Node 170: 11 101 102 103 10001 11200 12200 12400 12600 15200 15400 
Node 171: 11 101 102 103 10001 12600 15900 16300 
Node 172: 11 101 102 103 10000 
Node 173: 11 101 102 103 10001 10500 11500 
Node 174: 11 101 102 103 10001 10500 11500 
Node 175: 11 101 102 103 10001 10600 10700 11700 11800 
Node 176: 11 101 102 103 10001 10600 10700 11700 11800 
Node 177: 11 101 102 103 10001 10800 12000 
Node 178: 11 101 102 103 10001 10800 12000 
Node 179: 11 101 102 103 10001 10900 12200 
Node 180: 11 101 102 103 10001 10900 12200 
Node 181: 11 101 102 103 10001 11000 11100 12200 12400 
Node 182: 11 101 102 103 10001 11000 11100 12200 12400 
Node 183: 11 101 102 103 10001 11200 11300 12600 
Node 184: 11 101 102 103 10001 11200 11300 12600 
Node 185: 11 
Node 10000: 11 101 102 103 172 
Node 10001: 0 1 2 3 4 5 6 7 8 9 10 11 13 14 101 102 103 166 167 168 169 170 171 173 174 175 176 177 178 179 180 181 182 183 184 10500 10600 10700 10800 10900 11000 11100 11200 11300 11500 11700 11800 12000 12200 12400 12600 12700 12800 12900 13000 13100 13200 13300 13500 13600 13900 14000 14200 14400 14500 14600 14800 15100 15200 15300 15400 15500 15700 15900 16000 16300 
Node 10002: 11 101 102 103 
Node 10500: 0 1 2 3 11 101 102 103 173 174 10001 11500 
Node 10600: 0 1 2 3 11 101 102 103 166 175 176 10001 10700 11500 11700 11800 13500 13600 
Node 10700: 0 1 2 3 11 101 102 103 175 176 10001 10600 11700 11800 
Node 10800: 0 1 2 3 11 101 102 103 177 178 10001 12000 
Node 10900: 0 1 2 3 11 101 102 103 179 180 10001 12200 
Node 11000: 0 1 2 3 11 101 102 103 181 182 10001 11100 12200 12400 15100 
Node 11100: 0 1 2 3 11 101 102 103 181 182 10001 11000 12200 12400 
Node 11200: 0 1 2 3 11 101 102 103 169 170 183 184 10001 11300 12200 12400 12600 15100 15200 15300 15400 15500 15700 
Node 11300: 0 1 2 3 11 101 102 103 183 184 10001 11200 12600 
Node 11500: 0 1 2 3 11 101 103 166 173 174 10001 10500 10600 11700 13500 13600 
Node 11700: 0 1 2 3 11 101 103 166 167 175 176 10001 10600 10700 11500 11800 13500 13600 13900 14000 
Node 11800: 0 1 2 3 11 101 102 103 167 175 176 10001 10600 10700 11700 13900 14000 14200 
Node 12000: 0 1 2 3 11 101 103 168 177 178 10001 10800 12200 14400 14500 14600 
Node 12200: 0 1 2 3 11 101 103 168 169 170 179 180 181 182 10001 10900 11000 11100 11200 12000 12400 12600 14400 14500 14600 14800 15100 15200 15400 15500 
Node 12400: 0 1 2 3 11 101 103 169 170 181 182 10001 11000 11100 11200 12200 12600 15100 15200 15300 15400 15500 
Node 12600: 0 1 2 3 11 101 103 169 170 171 183 184 10001 11200 11300 12200 12400 15100 15200 15300 15400 15500 15700 15900 16000 16300 
Node 12700: 11 101 102 103 10001 12800 12900 13000 
Node 12800: 0 1 11 101 102 103 10001 12700 12900 13000 13100 
Node 12900: 0 11 101 103 10001 12700 12800 13000 13100 
Node 13000: 11 102 103 10001 12700 12800 12900 13100 
Node 13100: 0 1 2 11 101 102 103 10001 12800 12900 13000 
Node 13200: 11 101 102 103 10001 
Node 13300: 11 101 102 103 10001 
Node 13500: 11 101 102 103 166 10001 10600 11500 11700 
Node 13600: 11 101 102 103 10001 10600 11500 11700 
Node 13900: 11 101 102 103 167 10001 11700 11800 
Node 14000: 11 101 102 103 10001 11700 11800 
Node 14200: 11 101 102 103 10001 11800 
Node 14400: 11 102 103 168 10001 12000 12200 14500 14600 14800 
Node 14500: 11 101 102 103 168 10001 12000 12200 14400 
Node 14600: 11 101 102 103 10001 12000 12200 14400 
Node 14800: 11 101 102 103 10001 12200 14400 
Node 15100: 11 101 102 103 169 10001 11000 11200 12200 12400 12600 15400 
Node 15200: 11 101 102 103 170 10001 11200 12200 12400 12600 15400 15500 
Node 15300: 11 101 102 103 10001 11200 12400 12600 15500 15700 
Node 15400: 11 101 102 103 169 170 10001 11200 12200 12400 12600 15100 15200 
Node 15500: 11 101 102 103 10001 11200 12200 12400 12600 15200 15300 
Node 15700: 11 101 102 103 10001 11200 12600 15300 
Node 15900: 11 101 102 103 171 10001 12600 16300 
Node 16000: 11 101 102 103 10001 12600 16300 
Node 16300: 11 101 102 103 171 10001 12600 15900 16000 
Move pairs: 
(0, 174) (0, 176) (0, 178) (0, 180) (0, 182) (0, 184) (0, 185) (0, 13000) (0, 13200) (1, 12900) (2, 12800) (101, 0) (102, 1) (103, 2) (10001, 10000) (10001, 10002) (11500, 102) (11700, 102) (12000, 102) (12200, 102) (12400, 102) (12600, 102) (12900, 102) (13000, 101) (13100, 12700) (13200, 0) (14400, 101) 

Interference Graph for function: __$main__^main
Interference Graph: size=50
Node 0: 1 2 3 11 10000 10200 10201 10202 10500 10700 11100 11300 11700 
Node 1: 0 2 3 11 10000 10200 10201 10202 10500 10700 11300 11700 
Node 2: 0 1 3 11 10000 10200 10201 10202 10700 11300 11700 
Node 3: 0 1 2 11 10000 10200 10201 10202 10700 11700 
Node 4: 5 6 7 8 9 10 11 13 14 10000 10201 
Node 5: 4 6 7 8 9 10 11 13 14 10000 10201 
Node 6: 4 5 7 8 9 10 11 13 14 10000 10201 
Node 7: 4 5 6 8 9 10 11 13 14 10000 10201 
Node 8: 4 5 6 7 9 10 11 13 14 10000 10201 
Node 9: 4 5 6 7 8 10 11 13 14 10000 10201 
Node 10: 4 5 6 7 8 9 11 13 14 10000 10201 
Node 11: 0 1 2 3 4 5 6 7 8 9 10 13 14 141 142 143 144 145 146 147 148 149 150 151 152 153 154 155 156 157 10000 10100 10101 10200 10201 10202 10400 10500 10600 10700 11000 11100 11200 11300 11500 11700 11800 13500 13600 
Node 13: 4 5 6 7 8 9 10 11 14 10000 10201 
Node 14: 4 5 6 7 8 9 10 11 13 10000 10201 
Node 141: 11 
Node 142: 11 10000 10200 
Node 143: 11 10000 10200 
Node 144: 11 10000 10200 
Node 145: 11 10000 10200 
Node 146: 11 10000 10200 
Node 147: 11 10000 10200 
Node 148: 11 10000 10200 
Node 149: 11 10000 10200 
Node 150: 11 10000 10200 
Node 151: 11 10000 10200 10400 11100 
Node 152: 11 10000 10202 11700 13500 
Node 153: 11 10000 10202 
Node 154: 11 10000 10201 
Node 155: 11 10000 10201 
Node 156: 11 10000 10201 10700 11700 
Node 157: 11 10000 10201 10700 11700 
Node 10000: 0 1 2 3 4 5 6 7 8 9 10 11 13 14 142 143 144 145 146 147 148 149 150 151 152 153 154 155 156 157 10100 10101 10200 10201 10202 10400 10500 10600 10700 11000 11200 11300 11500 11800 13500 13600 
Node 10100: 11 10000 
Node 10101: 11 10000 10200 11000 11100 
Node 10200: 0 1 2 3 11 142 143 144 145 146 147 148 149 150 151 10000 10101 10400 10500 11000 11100 11200 11300 
Node 10201: 0 1 2 3 4 5 6 7 8 9 10 11 13 14 154 155 156 157 10000 10600 10700 11700 13500 
Node 10202: 0 1 2 3 11 152 153 10000 11700 11800 13500 13600 
Node 10400: 11 151 10000 10200 11100 
Node 10500: 0 1 11 10000 10200 11000 11100 11200 11300 
Node 10600: 11 10000 10201 11500 
Node 10700: 0 1 2 3 11 156 157 10000 10201 11700 
Node 11000: 11 10000 10101 10200 10500 11100 11200 
Node 11100: 0 11 151 10101 10200 10400 10500 11000 11200 11300 
Node 11200: 11 10000 10200 10500 11000 11100 11300 
Node 11300: 0 1 2 11 10000 10200 10500 11100 11200 
Node 11500: 11 10000 10600 
Node 11700: 0 1 2 3 11 152 156 157 10201 10202 10700 13500 13600 
Node 11800: 11 10000 10202 
Node 13500: 11 152 10000 10201 10202 11700 
Node 13600: 11 10000 10202 11700 
Move pairs: 
(0, 141) (0, 150) (0, 153) (0, 154) (0, 155) (0, 157) (0, 11200) (0, 11800) (1, 11100) (2, 10500) (10000, 0) (10101, 10400) (10201, 10200) (10201, 10202) (10400, 0) (11100, 10000) (11200, 10101) (11300, 11000) (11500, 10201) (11700, 10000) 

========== REGISTER ALLOCATION WITH k=2 ==========

Coloring function b1^bubbleSort with k=2 colors...
Coloring result:
Interference Graph: with #colors=2:
Node 0: 1 2 3 11 13 
Node 1: 0 2 3 11 13 
Node 2: 0 1 3 11 13 
Node 3: 0 1 2 11 
Node 4: 5 6 7 8 9 10 11 13 14 
Node 5: 4 6 7 8 9 10 11 13 14 
Node 6: 4 5 7 8 9 10 11 13 14 
Node 7: 4 5 6 8 9 10 11 13 14 
Node 8: 4 5 6 7 9 10 11 13 14 
Node 9: 4 5 6 7 8 10 11 13 14 
Node 10: 4 5 6 7 8 9 11 13 14 
Node 11: 0 1 2 3 4 5 6 7 8 9 10 13 14 
Node 13: 0 1 2 4 5 6 7 8 9 10 11 14 
Node 14: 4 5 6 7 8 9 10 11 13 
Simplified nodes (reversed order from the simplification process): 
Coalesced moves: 
Remaining move pairs: (1, 12900) (2, 12800) (101, 0) (102, 1) (103, 2) (11500, 102) (11700, 102) (12000, 102) (12200, 102) (12400, 102) (12600, 102) (12900, 102) (13100, 12700) (14400, 101) 
Spilled temps: 101 102 103 10001 10500 10600 10700 10800 10900 11000 11100 11200 11300 11500 11700 11800 12000 12200 12400 12600 12800 12900 13100 14400 15400 16300 
Colored nodes:
0 -> 0
1 -> 1
2 -> 2
3 -> 3
4 -> 4
5 -> 5
6 -> 6
7 -> 7
8 -> 8
9 -> 9
10 -> 10
11 -> 11
13 -> 13
14 -> 14
166 -> 1
167 -> 1
168 -> 1
169 -> 1
170 -> 0
171 -> 1
172 -> 1
173 -> 0
174 -> 0
175 -> 0
176 -> 0
177 -> 0
178 -> 0
179 -> 0
180 -> 0
181 -> 0
182 -> 0
183 -> 0
184 -> 0
185 -> 0
10000 -> 0
10002 -> 0
12700 -> 1
13000 -> 0
13200 -> 0
13300 -> 0
13500 -> 0
13600 -> 0
13900 -> 0
14000 -> 0
14200 -> 0
14500 -> 0
14600 -> 0
14800 -> 0
15100 -> 0
15200 -> 1
15300 -> 1
15500 -> 0
15700 -> 0
15900 -> 0
16000 -> 0


Coloring function __$main__^main with k=2 colors...
Coloring result:
Interference Graph: with #colors=2:
Node 0: 1 2 3 11 
Node 1: 0 2 3 11 
Node 2: 0 1 3 11 
Node 3: 0 1 2 11 
Node 4: 5 6 7 8 9 10 11 13 14 
Node 5: 4 6 7 8 9 10 11 13 14 
Node 6: 4 5 7 8 9 10 11 13 14 
Node 7: 4 5 6 8 9 10 11 13 14 
Node 8: 4 5 6 7 9 10 11 13 14 
Node 9: 4 5 6 7 8 10 11 13 14 
Node 10: 4 5 6 7 8 9 11 13 14 
Node 11: 0 1 2 3 4 5 6 7 8 9 10 13 14 
Node 13: 4 5 6 7 8 9 10 11 14 
Node 14: 4 5 6 7 8 9 10 11 13 
Simplified nodes (reversed order from the simplification process): 
Coalesced moves: 
Remaining move pairs: (1, 11100) (2, 10500) (10000, 0) (10201, 10200) (10201, 10202) (11100, 10000) (11300, 11000) (11700, 10000) 
Spilled temps: 10000 10200 10201 10202 10500 10700 11100 11300 11700 
Colored nodes:
0 -> 0
1 -> 1
2 -> 2
3 -> 3
4 -> 4
5 -> 5
6 -> 6
7 -> 7
8 -> 8
9 -> 9
10 -> 10
11 -> 11
13 -> 13
14 -> 14
141 -> 0
142 -> 0
143 -> 0
144 -> 0
145 -> 0
146 -> 0
147 -> 0
148 -> 0
149 -> 0
150 -> 0
151 -> 1
152 -> 1
153 -> 0
154 -> 0
155 -> 0
156 -> 0
157 -> 0
10100 -> 0
10101 -> 0
10400 -> 0
10600 -> 1
11000 -> 1
11200 -> 0
11500 -> 0
11800 -> 0
13500 -> 0
13600 -> 0


========== APPLYING COLORS FOR k=2 ==========
Writing colored assembly to: k2/bubblesort.colored.s

========== REGISTER ALLOCATION WITH k=5 ==========

Coloring function b1^bubbleSort with k=5 colors...
Coloring result:
Interference Graph: with #colors=5:
Node 0: 1 2 3 11 13 
Node 1: 0 2 3 11 13 
Node 2: 0 1 3 11 13 
Node 3: 0 1 2 11 
Node 4: 5 6 7 8 9 10 11 13 14 
Node 5: 4 6 7 8 9 10 11 13 14 
Node 6: 4 5 7 8 9 10 11 13 14 
Node 7: 4 5 6 8 9 10 11 13 14 
Node 8: 4 5 6 7 9 10 11 13 14 
Node 9: 4 5 6 7 8 10 11 13 14 
Node 10: 4 5 6 7 8 9 11 13 14 
Node 11: 0 1 2 3 4 5 6 7 8 9 10 13 14 
Node 13: 0 1 2 4 5 6 7 8 9 10 11 14 
Node 14: 4 5 6 7 8 9 10 11 13 
Simplified nodes (reversed order from the simplification process): 
Coalesced moves: 
Remaining move pairs: (101, 0) (102, 1) (103, 2) (11500, 102) (11700, 102) (12000, 102) (12200, 102) (12400, 102) (12600, 102) 
Spilled temps: 101 102 103 10001 10500 10600 10700 10800 11000 11200 11300 11700 12200 12400 
Colored nodes:
0 -> 0
1 -> 1
2 -> 2
3 -> 3
4 -> 4
5 -> 5
6 -> 6
7 -> 7
8 -> 8
9 -> 9
10 -> 10
11 -> 11
13 -> 13
14 -> 14
166 -> 1
167 -> 1
168 -> 2
169 -> 2
170 -> 2
171 -> 2
172 -> 1
173 -> 0
174 -> 0
175 -> 0
176 -> 0
177 -> 0
178 -> 0
179 -> 0
180 -> 0
181 -> 0
182 -> 0
183 -> 0
184 -> 0
185 -> 0
10000 -> 0
10002 -> 0
10900 -> 4
11100 -> 4
11500 -> 4
11800 -> 4
12000 -> 4
12600 -> 4
12700 -> 3
12800 -> 2
12900 -> 1
13000 -> 0
13100 -> 3
13200 -> 0
13300 -> 0
13500 -> 0
13600 -> 0
13900 -> 0
14000 -> 0
14200 -> 0
14400 -> 0
14500 -> 1
14600 -> 1
14800 -> 1
15100 -> 1
15200 -> 1
15300 -> 1
15400 -> 0
15500 -> 0
15700 -> 0
15900 -> 1
16000 -> 1
16300 -> 0


Coloring function __$main__^main with k=5 colors...
Coloring result:
Interference Graph: with #colors=5:
Node 0: 1 2 3 11 
Node 1: 0 2 3 11 
Node 2: 0 1 3 11 
Node 3: 0 1 2 11 
Node 4: 5 6 7 8 9 10 11 13 14 
Node 5: 4 6 7 8 9 10 11 13 14 
Node 6: 4 5 7 8 9 10 11 13 14 
Node 7: 4 5 6 8 9 10 11 13 14 
Node 8: 4 5 6 7 9 10 11 13 14 
Node 9: 4 5 6 7 8 10 11 13 14 
Node 10: 4 5 6 7 8 9 11 13 14 
Node 11: 0 1 2 3 4 5 6 7 8 9 10 13 14 
Node 13: 4 5 6 7 8 9 10 11 14 
Node 14: 4 5 6 7 8 9 10 11 13 
Simplified nodes (reversed order from the simplification process): 
Coalesced moves: 
Remaining move pairs: (10000, 0) (10201, 10200) (10201, 10202) (11700, 10000) 
Spilled temps: 10000 10201 11700 
Colored nodes:
0 -> 0
1 -> 1
2 -> 2
3 -> 3
4 -> 4
5 -> 5
6 -> 6
7 -> 7
8 -> 8
9 -> 9
10 -> 10
11 -> 11
13 -> 13
14 -> 14
141 -> 0
142 -> 0
143 -> 0
144 -> 0
145 -> 0
146 -> 0
147 -> 0
148 -> 0
149 -> 0
150 -> 0
151 -> 2
152 -> 1
153 -> 0
154 -> 0
155 -> 0
156 -> 0
157 -> 0
10100 -> 0
10101 -> 0
10200 -> 4
10202 -> 4
10400 -> 0
10500 -> 2
10600 -> 1
10700 -> 4
11000 -> 3
11100 -> 1
11200 -> 0
11300 -> 3
11500 -> 0
11800 -> 0
13500 -> 0
13600 -> 0


========== APPLYING COLORS FOR k=5 ==========
Writing colored assembly to: k5/bubblesort.colored.s

========== REGISTER ALLOCATION WITH k=9 ==========

Coloring function b1^bubbleSort with k=9 colors...
Coloring result:
Interference Graph: with #colors=9:
Node 0: 1 2 3 11 13 
Node 1: 0 2 3 11 13 
Node 2: 0 1 3 11 13 
Node 3: 0 1 2 11 
Node 4: 5 6 7 8 9 10 11 13 14 
Node 5: 4 6 7 8 9 10 11 13 14 
Node 6: 4 5 7 8 9 10 11 13 14 
Node 7: 4 5 6 8 9 10 11 13 14 
Node 8: 4 5 6 7 9 10 11 13 14 
Node 9: 4 5 6 7 8 10 11 13 14 
Node 10: 4 5 6 7 8 9 11 13 14 
Node 11: 0 1 2 3 4 5 6 7 8 9 10 13 14 
Node 13: 0 1 2 4 5 6 7 8 9 10 11 14 
Node 14: 4 5 6 7 8 9 10 11 13 
Simplified nodes (reversed order from the simplification process): 
Coalesced moves: 
Remaining move pairs: (101, 0) (102, 1) (103, 2) 
Spilled temps: 101 102 103 10001 
Colored nodes:
0 -> 0
1 -> 1
2 -> 2
3 -> 3
4 -> 4
5 -> 5
6 -> 6
7 -> 7
8 -> 8
9 -> 9
10 -> 10
11 -> 11
13 -> 13
14 -> 14
166 -> 1
167 -> 1
168 -> 1
169 -> 2
170 -> 2
171 -> 2
172 -> 1
173 -> 0
174 -> 0
175 -> 0
176 -> 0
177 -> 0
178 -> 0
179 -> 0
180 -> 0
181 -> 0
182 -> 0
183 -> 0
184 -> 0
185 -> 0
10000 -> 0
10002 -> 0
10500 -> 5
10600 -> 6
10700 -> 5
10800 -> 5
10900 -> 4
11000 -> 6
11100 -> 5
11200 -> 5
11300 -> 4
11500 -> 4
11700 -> 7
11800 -> 4
12000 -> 4
12200 -> 7
12400 -> 4
12600 -> 6
12700 -> 3
12800 -> 2
12900 -> 1
13000 -> 0
13100 -> 3
13200 -> 0
13300 -> 0
13500 -> 0
13600 -> 0
13900 -> 0
14000 -> 0
14200 -> 0
14400 -> 2
14500 -> 0
14600 -> 0
14800 -> 0
15100 -> 1
15200 -> 1
15300 -> 1
15400 -> 0
15500 -> 0
15700 -> 0
15900 -> 1
16000 -> 1
16300 -> 0


Coloring function __$main__^main with k=9 colors...
Coloring result:
Interference Graph: with #colors=9:
Node 0: 1 2 3 11 
Node 1: 0 2 3 11 
Node 2: 0 1 3 11 
Node 3: 0 1 2 11 
Node 4: 5 6 7 8 9 10 11 13 14 
Node 5: 4 6 7 8 9 10 11 13 14 
Node 6: 4 5 7 8 9 10 11 13 14 
Node 7: 4 5 6 8 9 10 11 13 14 
Node 8: 4 5 6 7 9 10 11 13 14 
Node 9: 4 5 6 7 8 10 11 13 14 
Node 10: 4 5 6 7 8 9 11 13 14 
Node 11: 0 1 2 3 4 5 6 7 8 9 10 13 14 
Node 13: 4 5 6 7 8 9 10 11 14 
Node 14: 4 5 6 7 8 9 10 11 13 
Simplified nodes (reversed order from the simplification process): 
Coalesced moves: 
Remaining move pairs: (10000, 0) 
Spilled temps: 10000 10201 
Colored nodes:
0 -> 0
1 -> 1
2 -> 2
3 -> 3
4 -> 4
5 -> 5
6 -> 6
7 -> 7
8 -> 8
9 -> 9
10 -> 10
11 -> 11
13 -> 13
14 -> 14
141 -> 0
142 -> 0
143 -> 0
144 -> 0
145 -> 0
146 -> 0
147 -> 0
148 -> 0
149 -> 0
150 -> 0
151 -> 2
152 -> 1
153 -> 0
154 -> 0
155 -> 0
156 -> 0
157 -> 0
10100 -> 0
10101 -> 0
10200 -> 4
10202 -> 5
10400 -> 0
10500 -> 2
10600 -> 1
10700 -> 5
11000 -> 3
11100 -> 1
11200 -> 0
11300 -> 3
11500 -> 0
11700 -> 4
11800 -> 0
13500 -> 0
13600 -> 0


========== APPLYING COLORS FOR k=9 ==========
Writing colored assembly to: k9/bubblesort.colored.s

Done.
Reading fibonacci.5-xml.asm
Reading assembly program from: fibonacci.5-xml.asm
Writing assembly to: fibonacci.s

Building interference graphs...

Interference Graph for function: __$main__^main
Interference Graph: size=58
Node 0: 1 2 3 11 10000 10001 10002 10100 10201 13200 
Node 1: 0 2 3 11 10000 10001 10002 10100 10201 13200 
Node 2: 0 1 3 11 10000 10001 10002 10100 10201 
Node 3: 0 1 2 11 10000 10001 10002 10100 10201 
Node 4: 5 6 7 8 9 10 11 13 14 10001 10100 10201 
Node 5: 4 6 7 8 9 10 11 13 14 10001 10100 10201 
Node 6: 4 5 7 8 9 10 11 13 14 10001 10100 10201 
Node 7: 4 5 6 8 9 10 11 13 14 10001 10100 10201 
Node 8: 4 5 6 7 9 10 11 13 14 10001 10100 10201 
Node 9: 4 5 6 7 8 10 11 13 14 10001 10100 10201 
Node 10: 4 5 6 7 8 9 11 13 14 10001 10100 10201 
Node 11: 0 1 2 3 4 5 6 7 8 9 10 13 14 171 172 173 174 175 176 177 178 179 180 181 182 183 184 185 186 187 188 189 190 191 192 193 194 195 196 197 198 199 200 201 202 203 204 10000 10001 10002 10100 10200 10201 10400 13200 13300 16500 
Node 13: 4 5 6 7 8 9 10 11 14 10001 10100 10201 
Node 14: 4 5 6 7 8 9 10 11 13 10001 10100 10201 
Node 171: 11 
Node 172: 11 10000 10400 
Node 173: 11 10000 10201 
Node 174: 11 10000 10201 
Node 175: 11 10000 10201 
Node 176: 11 10000 10201 
Node 177: 11 10000 10201 
Node 178: 11 10000 10201 
Node 179: 11 10000 10201 
Node 180: 11 10000 10201 
Node 181: 11 10000 10201 
Node 182: 11 10000 10201 
Node 183: 11 10000 10201 
Node 184: 11 10000 10201 
Node 185: 11 10000 10201 
Node 186: 11 10000 10201 
Node 187: 11 10000 10201 
Node 188: 11 10000 10201 
Node 189: 11 10000 10201 
Node 190: 11 10000 10201 
Node 191: 11 10000 10201 
Node 192: 11 10000 10201 
Node 193: 11 10000 10201 
Node 194: 11 10000 10201 
Node 195: 11 10000 10201 
Node 196: 11 10000 10201 
Node 197: 11 10000 10201 
Node 198: 11 199 
Node 199: 11 198 
Node 200: 11 10002 10100 10201 
Node 201: 11 10001 10100 10201 
Node 202: 11 10000 10100 10201 
Node 203: 11 10000 10100 10201 
Node 204: 11 10001 10100 10201 
Node 10000: 0 1 2 3 11 172 173 174 175 176 177 178 179 180 181 182 183 184 185 186 187 188 189 190 191 192 193 194 195 196 197 202 203 10100 10201 10400 
Node 10001: 0 1 2 3 4 5 6 7 8 9 10 11 13 14 201 204 10002 10100 10201 13200 
Node 10002: 0 1 2 3 11 200 10001 10100 10201 13200 13300 
Node 10100: 0 1 2 3 4 5 6 7 8 9 10 11 13 14 200 201 202 203 204 10000 10001 10002 10201 13200 13300 
Node 10200: 11 10400 
Node 10201: 0 1 2 3 4 5 6 7 8 9 10 11 13 14 173 174 175 176 177 178 179 180 181 182 183 184 185 186 187 188 189 190 191 192 193 194 195 196 197 200 201 202 203 204 10000 10001 10002 10100 13200 13300 
Node 10400: 11 172 10000 10200 
Node 13200: 0 1 11 10001 10002 10100 10201 
Node 13300: 11 10002 10100 10201 
Node 16500: 11 
Move pairs: 
(0, 171) (0, 173) (0, 174) (0, 175) (0, 176) (0, 177) (0, 178) (0, 179) (0, 180) (0, 181) (0, 182) (0, 183) (0, 184) (0, 185) (0, 186) (0, 187) (0, 188) (0, 189) (0, 190) (0, 191) (0, 192) (0, 193) (0, 194) (0, 195) (0, 196) (0, 197) (0, 200) (0, 201) (0, 204) (0, 10201) (0, 13300) (0, 16500) (1, 10001) (10001, 10000) (10001, 10002) (10100, 0) (10201, 10400) (10400, 0) (13300, 0) 

Interference Graph for function: fib^f
Interference Graph: size=31
Node 0: 1 2 3 11 13 101 10400 10600 10900 11000 11100 11300 11600 
Node 1: 0 2 3 11 13 100 101 10600 10900 11000 11100 11300 11600 
Node 2: 0 1 3 11 101 10900 11000 11300 11600 
Node 3: 0 1 2 11 101 10900 11000 11300 11600 
Node 4: 5 6 7 8 9 10 11 13 14 101 
Node 5: 4 6 7 8 9 10 11 13 14 101 
Node 6: 4 5 7 8 9 10 11 13 14 101 
Node 7: 4 5 6 8 9 10 11 13 14 101 
Node 8: 4 5 6 7 9 10 11 13 14 101 
Node 9: 4 5 6 7 8 10 11 13 14 101 
Node 10: 4 5 6 7 8 9 11 13 14 101 
Node 11: 0 1 2 3 4 5 6 7 8 9 10 13 14 100 101 119 120 10300 10400 10500 10600 10700 10800 10900 11000 11100 11200 11300 11600 11800 
Node 13: 0 1 4 5 6 7 8 9 10 11 14 101 
Node 14: 4 5 6 7 8 9 10 11 13 101 
Node 100: 1 11 101 119 120 10300 10400 
Node 101: 0 1 2 3 4 5 6 7 8 9 10 11 13 14 100 119 120 10300 10400 10500 10600 10700 10800 10900 11000 11100 11200 11300 11600 11800 
Node 119: 11 100 101 
Node 120: 11 100 101 
Node 10300: 11 100 101 10400 10500 10900 11000 11600 
Node 10400: 0 11 100 101 10300 10500 10600 10900 11000 11600 
Node 10500: 11 101 10300 10400 10600 10900 11000 11600 
Node 10600: 0 1 11 101 10400 10500 10900 11000 11600 
Node 10700: 11 101 10800 10900 11000 11600 
Node 10800: 11 101 10700 10900 11000 11300 
Node 10900: 0 1 2 3 11 101 10300 10400 10500 10600 10700 10800 11000 11100 11300 11600 
Node 11000: 0 1 2 3 11 101 10300 10400 10500 10600 10700 10800 10900 11100 11300 11600 
Node 11100: 0 1 11 101 10900 11000 11300 
Node 11200: 11 101 11300 
Node 11300: 0 1 2 3 11 101 10800 10900 11000 11100 11200 
Node 11600: 0 1 2 3 11 101 10300 10400 10500 10600 10700 10900 11000 
Node 11800: 11 101 
Move pairs: 
(0, 101) (0, 10500) (0, 11000) (0, 11800) (1, 10400) (1, 10900) (100, 0) (101, 1) (10500, 100) (10600, 10300) (10700, 0) (11000, 100) (11100, 10800) (11200, 0) (11300, 10700) (11600, 100) 

========== REGISTER ALLOCATION WITH k=2 ==========

Coloring function __$main__^main with k=2 colors...
Coloring result:
Interference Graph: with #colors=2:
Node 0: 1 2 3 11 
Node 1: 0 2 3 11 
Node 2: 0 1 3 11 
Node 3: 0 1 2 11 
Node 4: 5 6 7 8 9 10 11 13 14 
Node 5: 4 6 7 8 9 10 11 13 14 
Node 6: 4 5 7 8 9 10 11 13 14 
Node 7: 4 5 6 8 9 10 11 13 14 
Node 8: 4 5 6 7 9 10 11 13 14 
Node 9: 4 5 6 7 8 10 11 13 14 
Node 10: 4 5 6 7 8 9 11 13 14 
Node 11: 0 1 2 3 4 5 6 7 8 9 10 13 14 
Node 13: 4 5 6 7 8 9 10 11 14 
Node 14: 4 5 6 7 8 9 10 11 13 
Simplified nodes (reversed order from the simplification process): 
Coalesced moves: 
Remaining move pairs: (0, 10201) (1, 10001) (10001, 10000) (10001, 10002) (10100, 0) (10201, 10400) (10400, 0) 
Spilled temps: 10000 10001 10002 10100 10201 13200 
Colored nodes:
0 -> 0
1 -> 1
2 -> 2
3 -> 3
4 -> 4
5 -> 5
6 -> 6
7 -> 7
8 -> 8
9 -> 9
10 -> 10
11 -> 11
13 -> 13
14 -> 14
171 -> 0
172 -> 0
173 -> 0
174 -> 0
175 -> 0
176 -> 0
177 -> 0
178 -> 0
179 -> 0
180 -> 0
181 -> 0
182 -> 0
183 -> 0
184 -> 0
185 -> 0
186 -> 0
187 -> 0
188 -> 0
189 -> 0
190 -> 0
191 -> 0
192 -> 0
193 -> 0
194 -> 0
195 -> 0
196 -> 0
197 -> 0
198 -> 1
199 -> 0
200 -> 0
201 -> 0
202 -> 0
203 -> 0
204 -> 0
10200 -> 0
10400 -> 1
13300 -> 0
16500 -> 0


Coloring function fib^f with k=2 colors...
Coloring result:
Interference Graph: with #colors=2:
Node 0: 1 2 3 11 13 
Node 1: 0 2 3 11 13 
Node 2: 0 1 3 11 
Node 3: 0 1 2 11 
Node 4: 5 6 7 8 9 10 11 13 14 
Node 5: 4 6 7 8 9 10 11 13 14 
Node 6: 4 5 7 8 9 10 11 13 14 
Node 7: 4 5 6 8 9 10 11 13 14 
Node 8: 4 5 6 7 9 10 11 13 14 
Node 9: 4 5 6 7 8 10 11 13 14 
Node 10: 4 5 6 7 8 9 11 13 14 
Node 11: 0 1 2 3 4 5 6 7 8 9 10 13 14 
Node 13: 0 1 4 5 6 7 8 9 10 11 14 
Node 14: 4 5 6 7 8 9 10 11 13 
Simplified nodes (reversed order from the simplification process): 
Coalesced moves: 
Remaining move pairs: (0, 101) (0, 11000) (1, 10400) (1, 10900) (100, 0) (101, 1) (10600, 10300) (10700, 0) (11000, 100) (11300, 10700) (11600, 100) 
Spilled temps: 100 101 10400 10600 10900 11000 11100 11300 11600 
Colored nodes:
0 -> 0
1 -> 1
2 -> 2
3 -> 3
4 -> 4
5 -> 5
6 -> 6
7 -> 7
8 -> 8
9 -> 9
10 -> 10
11 -> 11
13 -> 13
14 -> 14
119 -> 0
120 -> 0
10300 -> 1
10500 -> 0
10700 -> 1
10800 -> 0
11200 -> 0
11800 -> 0


========== APPLYING COLORS FOR k=2 ==========
Writing colored assembly to: k2/fibonacci.colored.s

========== REGISTER ALLOCATION WITH k=5 ==========

Coloring function __$main__^main with k=5 colors...
Coloring result:
Interference Graph: with #colors=5:
Node 0: 1 2 3 11 
Node 1: 0 2 3 11 
Node 2: 0 1 3 11 
Node 3: 0 1 2 11 
Node 4: 5 6 7 8 9 10 11 13 14 
Node 5: 4 6 7 8 9 10 11 13 14 
Node 6: 4 5 7 8 9 10 11 13 14 
Node 7: 4 5 6 8 9 10 11 13 14 
Node 8: 4 5 6 7 9 10 11 13 14 
Node 9: 4 5 6 7 8 10 11 13 14 
Node 10: 4 5 6 7 8 9 11 13 14 
Node 11: 0 1 2 3 4 5 6 7 8 9 10 13 14 
Node 13: 4 5 6 7 8 9 10 11 14 
Node 14: 4 5 6 7 8 9 10 11 13 
Simplified nodes (reversed order from the simplification process): 
Coalesced moves: 
Remaining move pairs: (0, 10201) (1, 10001) (10001, 10000) (10001, 10002) (10100, 0) 
Spilled temps: 10001 10100 10201 
Colored nodes:
0 -> 0
1 -> 1
2 -> 2
3 -> 3
4 -> 4
5 -> 5
6 -> 6
7 -> 7
8 -> 8
9 -> 9
10 -> 10
11 -> 11
13 -> 13
14 -> 14
171 -> 0
172 -> 1
173 -> 0
174 -> 0
175 -> 0
176 -> 0
177 -> 0
178 -> 0
179 -> 0
180 -> 0
181 -> 0
182 -> 0
183 -> 0
184 -> 0
185 -> 0
186 -> 0
187 -> 0
188 -> 0
189 -> 0
190 -> 0
191 -> 0
192 -> 0
193 -> 0
194 -> 0
195 -> 0
196 -> 0
197 -> 0
198 -> 1
199 -> 0
200 -> 0
201 -> 0
202 -> 0
203 -> 0
204 -> 0
10000 -> 4
10002 -> 4
10200 -> 1
10400 -> 0
13200 -> 2
13300 -> 0
16500 -> 0


Coloring function fib^f with k=5 colors...
Coloring result:
Interference Graph: with #colors=5:
Node 0: 1 2 3 11 13 
Node 1: 0 2 3 11 13 
Node 2: 0 1 3 11 
Node 3: 0 1 2 11 
Node 4: 5 6 7 8 9 10 11 13 14 
Node 5: 4 6 7 8 9 10 11 13 14 
Node 6: 4 5 7 8 9 10 11 13 14 
Node 7: 4 5 6 8 9 10 11 13 14 
Node 8: 4 5 6 7 9 10 11 13 14 
Node 9: 4 5 6 7 8 10 11 13 14 
Node 10: 4 5 6 7 8 9 11 13 14 
Node 11: 0 1 2 3 4 5 6 7 8 9 10 13 14 
Node 13: 0 1 4 5 6 7 8 9 10 11 14 
Node 14: 4 5 6 7 8 9 10 11 13 
Simplified nodes (reversed order from the simplification process): 
Coalesced moves: 
Remaining move pairs: (0, 101) (0, 11000) (1, 10900) (101, 1) 
Spilled temps: 101 10900 11000 
Colored nodes:
0 -> 0
1 -> 1
2 -> 2
3 -> 3
4 -> 4
5 -> 5
6 -> 6
7 -> 7
8 -> 8
9 -> 9
10 -> 10
11 -> 11
13 -> 13
14 -> 14
100 -> 0
119 -> 1
120 -> 1
10300 -> 2
10400 -> 1
10500 -> 0
10600 -> 2
10700 -> 1
10800 -> 0
11100 -> 2
11200 -> 0
11300 -> 4
11600 -> 4
11800 -> 0


========== APPLYING COLORS FOR k=5 ==========
Writing colored assembly to: k5/fibonacci.colored.s

========== REGISTER ALLOCATION WITH k=9 ==========

Coloring function __$main__^main with k=9 colors...
Coloring result:
Interference Graph: with #colors=9:
Node 0: 1 2 3 11 
Node 1: 0 2 3 11 
Node 2: 0 1 3 11 
Node 3: 0 1 2 11 
Node 4: 5 6 7 8 9 10 11 13 14 
Node 5: 4 6 7 8 9 10 11 13 14 
Node 6: 4 5 7 8 9 10 11 13 14 
Node 7: 4 5 6 8 9 10 11 13 14 
Node 8: 4 5 6 7 9 10 11 13 14 
Node 9: 4 5 6 7 8 10 11 13 14 
Node 10: 4 5 6 7 8 9 11 13 14 
Node 11: 0 1 2 3 4 5 6 7 8 9 10 13 14 
Node 13: 4 5 6 7 8 9 10 11 14 
Node 14: 4 5 6 7 8 9 10 11 13 
Simplified nodes (reversed order from the simplification process): 
Coalesced moves: 
Remaining move pairs: (0, 10201) (1, 10001) (10100, 0) 
Spilled temps: 10001 10100 10201 
Colored nodes:
0 -> 0
1 -> 1
2 -> 2
3 -> 3
4 -> 4
5 -> 5
6 -> 6
7 -> 7
8 -> 8
9 -> 9
10 -> 10
11 -> 11
13 -> 13
14 -> 14
171 -> 0
172 -> 1
173 -> 0
174 -> 0
175 -> 0
176 -> 0
177 -> 0
178 -> 0
179 -> 0
180 -> 0
181 -> 0
182 -> 0
183 -> 0
184 -> 0
185 -> 0
186 -> 0
187 -> 0
188 -> 0
189 -> 0
190 -> 0
191 -> 0
192 -> 0
193 -> 0
194 -> 0
195 -> 0
196 -> 0
197 -> 0
198 -> 1
199 -> 0
200 -> 0
201 -> 0
202 -> 0
203 -> 0
204 -> 0
10000 -> 4
10002 -> 4
10200 -> 1
10400 -> 0
13200 -> 2
13300 -> 0
16500 -> 0


Coloring function fib^f with k=9 colors...
Coloring result:
Interference Graph: with #colors=9:
Node 0: 1 2 3 11 13 
Node 1: 0 2 3 11 13 
Node 2: 0 1 3 11 
Node 3: 0 1 2 11 
Node 4: 5 6 7 8 9 10 11 13 14 
Node 5: 4 6 7 8 9 10 11 13 14 
Node 6: 4 5 7 8 9 10 11 13 14 
Node 7: 4 5 6 8 9 10 11 13 14 
Node 8: 4 5 6 7 9 10 11 13 14 
Node 9: 4 5 6 7 8 10 11 13 14 
Node 10: 4 5 6 7 8 9 11 13 14 
Node 11: 0 1 2 3 4 5 6 7 8 9 10 13 14 
Node 13: 0 1 4 5 6 7 8 9 10 11 14 
Node 14: 4 5 6 7 8 9 10 11 13 
Simplified nodes (reversed order from the simplification process): 
Coalesced moves: 
Remaining move pairs: (0, 101) (101, 1) 
Spilled temps: 101 
Colored nodes:
0 -> 0
1 -> 1
2 -> 2
3 -> 3
4 -> 4
5 -> 5
6 -> 6
7 -> 7
8 -> 8
9 -> 9
10 -> 10
11 -> 11
13 -> 13
14 -> 14
100 -> 0
119 -> 1
120 -> 1
10300 -> 2
10400 -> 1
10500 -> 0
10600 -> 2
10700 -> 1
10800 -> 0
10900 -> 6
11000 -> 4
11100 -> 2
11200 -> 0
11300 -> 5
11600 -> 5
11800 -> 0


========== APPLYING COLORS FOR k=9 ==========
Writing colored assembly to: k9/fibonacci.colored.s

Done.
Reading insttest0.5-xml.asm
Reading assembly program from: insttest0.5-xml.asm
Writing assembly to: insttest0.s

Building interference graphs...

Interference Graph for function: __$main__^main
Interference Graph: size=23
Node 0: 1 2 3 11 114 115 10400 
Node 1: 0 2 3 11 115 10400 
Node 2: 0 1 3 11 10400 
Node 3: 0 1 2 11 
Node 4: 5 6 7 8 9 10 11 13 14 
Node 5: 4 6 7 8 9 10 11 13 14 
Node 6: 4 5 7 8 9 10 11 13 14 
Node 7: 4 5 6 8 9 10 11 13 14 
Node 8: 4 5 6 7 9 10 11 13 14 
Node 9: 4 5 6 7 8 10 11 13 14 
Node 10: 4 5 6 7 8 9 11 13 14 
Node 11: 0 1 2 3 4 5 6 7 8 9 10 13 14 112 113 114 115 116 10100 10200 10400 10500 
Node 13: 4 5 6 7 8 9 10 11 14 
Node 14: 4 5 6 7 8 9 10 11 13 
Node 112: 11 
Node 113: 11 10100 
Node 114: 0 11 115 10200 10400 
Node 115: 0 1 11 114 10200 10400 
Node 116: 11 
Node 10100: 11 113 
Node 10200: 11 114 115 10400 
Node 10400: 0 1 2 11 114 115 10200 
Node 10500: 11 
Move pairs: 
(0, 112) (0, 116) (0, 10200) (0, 10500) (1, 114) (2, 115) (10100, 0) (10200, 10100) (10500, 0) 

Interference Graph for function: C^max
Interference Graph: size=16
Node 0: 11 13 101 
Node 1: 11 13 100 
Node 2: 11 13 100 101 
Node 4: 5 6 7 8 9 10 11 13 14 101 
Node 5: 4 6 7 8 9 10 11 13 14 101 
Node 6: 4 5 7 8 9 10 11 13 14 101 
Node 7: 4 5 6 8 9 10 11 13 14 101 
Node 8: 4 5 6 7 9 10 11 13 14 101 
Node 9: 4 5 6 7 8 10 11 13 14 101 
Node 10: 4 5 6 7 8 9 11 13 14 101 
Node 11: 0 1 2 4 5 6 7 8 9 10 13 14 100 101 102 
Node 13: 0 1 2 4 5 6 7 8 9 10 11 14 101 
Node 14: 4 5 6 7 8 9 10 11 13 101 
Node 100: 1 2 11 
Node 101: 0 2 4 5 6 7 8 9 10 11 13 14 102 
Node 102: 11 101 
Move pairs: 
(0, 101) (0, 102) (100, 0) (101, 1) (102, 2) 

========== REGISTER ALLOCATION WITH k=2 ==========

Coloring function __$main__^main with k=2 colors...
Coloring result:
Interference Graph: with #colors=2:
Node 0: 1 2 3 11 
Node 1: 0 2 3 11 
Node 2: 0 1 3 11 
Node 3: 0 1 2 11 
Node 4: 5 6 7 8 9 10 11 13 14 
Node 5: 4 6 7 8 9 10 11 13 14 
Node 6: 4 5 7 8 9 10 11 13 14 
Node 7: 4 5 6 8 9 10 11 13 14 
Node 8: 4 5 6 7 9 10 11 13 14 
Node 9: 4 5 6 7 8 10 11 13 14 
Node 10: 4 5 6 7 8 9 11 13 14 
Node 11: 0 1 2 3 4 5 6 7 8 9 10 13 14 
Node 13: 4 5 6 7 8 9 10 11 14 
Node 14: 4 5 6 7 8 9 10 11 13 
Simplified nodes (reversed order from the simplification process): 
Coalesced moves: 
Remaining move pairs: (1, 114) (2, 115) 
Spilled temps: 115 10400 
Colored nodes:
0 -> 0
1 -> 1
2 -> 2
3 -> 3
4 -> 4
5 -> 5
6 -> 6
7 -> 7
8 -> 8
9 -> 9
10 -> 10
11 -> 11
13 -> 13
14 -> 14
112 -> 0
113 -> 1
114 -> 1
116 -> 0
10100 -> 0
10200 -> 0
10500 -> 0


Coloring function C^max with k=2 colors...
Coloring result:
Interference Graph: with #colors=2:
Node 0: 11 13 
Node 1: 11 13 
Node 2: 11 13 
Node 4: 5 6 7 8 9 10 11 13 14 
Node 5: 4 6 7 8 9 10 11 13 14 
Node 6: 4 5 7 8 9 10 11 13 14 
Node 7: 4 5 6 8 9 10 11 13 14 
Node 8: 4 5 6 7 9 10 11 13 14 
Node 9: 4 5 6 7 8 10 11 13 14 
Node 10: 4 5 6 7 8 9 11 13 14 
Node 11: 0 1 2 4 5 6 7 8 9 10 13 14 
Node 13: 0 1 2 4 5 6 7 8 9 10 11 14 
Node 14: 4 5 6 7 8 9 10 11 13 
Simplified nodes (reversed order from the simplification process): 
Coalesced moves: 
Remaining move pairs: (0, 101) (100, 0) (101, 1) 
Colored nodes:
0 -> 0
1 -> 1
2 -> 2
4 -> 4
5 -> 5
6 -> 6
7 -> 7
8 -> 8
9 -> 9
10 -> 10
11 -> 11
13 -> 13
14 -> 14
100 -> 0
101 -> 1
102 -> 0


========== APPLYING COLORS FOR k=2 ==========
Writing colored assembly to: k2/insttest0.colored.s

========== REGISTER ALLOCATION WITH k=5 ==========

Coloring function __$main__^main with k=5 colors...
Coloring result:
Interference Graph: with #colors=5:
Node 0: 1 2 3 11 
Node 1: 0 2 3 11 
Node 2: 0 1 3 11 
Node 3: 0 1 2 11 
Node 4: 5 6 7 8 9 10 11 13 14 
Node 5: 4 6 7 8 9 10 11 13 14 
Node 6: 4 5 7 8 9 10 11 13 14 
Node 7: 4 5 6 8 9 10 11 13 14 
Node 8: 4 5 6 7 9 10 11 13 14 
Node 9: 4 5 6 7 8 10 11 13 14 
Node 10: 4 5 6 7 8 9 11 13 14 
Node 11: 0 1 2 3 4 5 6 7 8 9 10 13 14 
Node 13: 4 5 6 7 8 9 10 11 14 
Node 14: 4 5 6 7 8 9 10 11 13 
Simplified nodes (reversed order from the simplification process): 
Coalesced moves: 
Remaining move pairs: 
Colored nodes:
0 -> 0
1 -> 1
2 -> 2
3 -> 3
4 -> 4
5 -> 5
6 -> 6
7 -> 7
8 -> 8
9 -> 9
10 -> 10
11 -> 11
13 -> 13
14 -> 14
112 -> 0
113 -> 1
114 -> 1
115 -> 2
116 -> 0
10100 -> 0
10200 -> 0
10400 -> 3
10500 -> 0


Coloring function C^max with k=5 colors...
Coloring result:
Interference Graph: with #colors=5:
Node 0: 11 13 
Node 1: 11 13 
Node 2: 11 13 
Node 4: 5 6 7 8 9 10 11 13 14 
Node 5: 4 6 7 8 9 10 11 13 14 
Node 6: 4 5 7 8 9 10 11 13 14 
Node 7: 4 5 6 8 9 10 11 13 14 
Node 8: 4 5 6 7 9 10 11 13 14 
Node 9: 4 5 6 7 8 10 11 13 14 
Node 10: 4 5 6 7 8 9 11 13 14 
Node 11: 0 1 2 4 5 6 7 8 9 10 13 14 
Node 13: 0 1 2 4 5 6 7 8 9 10 11 14 
Node 14: 4 5 6 7 8 9 10 11 13 
Simplified nodes (reversed order from the simplification process): 
Coalesced moves: 
Remaining move pairs: (0, 101) (101, 1) 
Colored nodes:
0 -> 0
1 -> 1
2 -> 2
4 -> 4
5 -> 5
6 -> 6
7 -> 7
8 -> 8
9 -> 9
10 -> 10
11 -> 11
13 -> 13
14 -> 14
100 -> 0
101 -> 1
102 -> 0


========== APPLYING COLORS FOR k=5 ==========
Writing colored assembly to: k5/insttest0.colored.s

========== REGISTER ALLOCATION WITH k=9 ==========

Coloring function __$main__^main with k=9 colors...
Coloring result:
Interference Graph: with #colors=9:
Node 0: 1 2 3 11 
Node 1: 0 2 3 11 
Node 2: 0 1 3 11 
Node 3: 0 1 2 11 
Node 4: 5 6 7 8 9 10 11 13 14 
Node 5: 4 6 7 8 9 10 11 13 14 
Node 6: 4 5 7 8 9 10 11 13 14 
Node 7: 4 5 6 8 9 10 11 13 14 
Node 8: 4 5 6 7 9 10 11 13 14 
Node 9: 4 5 6 7 8 10 11 13 14 
Node 10: 4 5 6 7 8 9 11 13 14 
Node 11: 0 1 2 3 4 5 6 7 8 9 10 13 14 
Node 13: 4 5 6 7 8 9 10 11 14 
Node 14: 4 5 6 7 8 9 10 11 13 
Simplified nodes (reversed order from the simplification process): 
Coalesced moves: 
Remaining move pairs: 
Colored nodes:
0 -> 0
1 -> 1
2 -> 2
3 -> 3
4 -> 4
5 -> 5
6 -> 6
7 -> 7
8 -> 8
9 -> 9
10 -> 10
11 -> 11
13 -> 13
14 -> 14
112 -> 0
113 -> 1
114 -> 1
115 -> 2
116 -> 0
10100 -> 0
10200 -> 0
10400 -> 3
10500 -> 0


Coloring function C^max with k=9 colors...
Coloring result:
Interference Graph: with #colors=9:
Node 0: 11 13 
Node 1: 11 13 
Node 2: 11 13 
Node 4: 5 6 7 8 9 10 11 13 14 
Node 5: 4 6 7 8 9 10 11 13 14 
Node 6: 4 5 7 8 9 10 11 13 14 
Node 7: 4 5 6 8 9 10 11 13 14 
Node 8: 4 5 6 7 9 10 11 13 14 
Node 9: 4 5 6 7 8 10 11 13 14 
Node 10: 4 5 6 7 8 9 11 13 14 
Node 11: 0 1 2 4 5 6 7 8 9 10 13 14 
Node 13: 0 1 2 4 5 6 7 8 9 10 11 14 
Node 14: 4 5 6 7 8 9 10 11 13 
Simplified nodes (reversed order from the simplification process): 
Coalesced moves: 
Remaining move pairs: (0, 101) (101, 1) 
Colored nodes:
0 -> 0
1 -> 1
2 -> 2
4 -> 4
5 -> 5
6 -> 6
7 -> 7
8 -> 8
9 -> 9
10 -> 10
11 -> 11
13 -> 13
14 -> 14
100 -> 0
101 -> 1
102 -> 0


========== APPLYING COLORS FOR k=9 ==========
Writing colored assembly to: k9/insttest0.colored.s

Done.
Reading insttest1.5-xml.asm
Reading assembly program from: insttest1.5-xml.asm
Writing assembly to: insttest1.s

Building interference graphs...

Interference Graph for function: __$main__^main
Interference Graph: size=37
Node 0: 1 2 3 11 10000 10101 10102 10400 10700 
Node 1: 0 2 3 11 10000 10101 10102 10400 10700 
Node 2: 0 1 3 11 10000 10101 10102 10400 10700 
Node 3: 0 1 2 11 10000 10101 10102 10400 10700 
Node 4: 5 6 7 8 9 10 11 13 14 10000 10101 
Node 5: 4 6 7 8 9 10 11 13 14 10000 10101 
Node 6: 4 5 7 8 9 10 11 13 14 10000 10101 
Node 7: 4 5 6 8 9 10 11 13 14 10000 10101 
Node 8: 4 5 6 7 9 10 11 13 14 10000 10101 
Node 9: 4 5 6 7 8 10 11 13 14 10000 10101 
Node 10: 4 5 6 7 8 9 11 13 14 10000 10101 
Node 11: 0 1 2 3 4 5 6 7 8 9 10 13 14 124 125 126 127 128 129 130 131 132 133 134 135 136 10000 10100 10101 10102 10300 10400 10700 10800 11800 11900 
Node 13: 4 5 6 7 8 9 10 11 14 10000 10101 
Node 14: 4 5 6 7 8 9 10 11 13 10000 10101 
Node 124: 11 
Node 125: 11 10000 
Node 126: 11 10000 
Node 127: 11 10000 
Node 128: 11 10000 
Node 129: 11 10000 
Node 130: 11 10000 10102 10700 11800 
Node 131: 11 10000 10102 
Node 132: 11 10000 10101 
Node 133: 11 10000 10101 
Node 134: 11 10000 10101 
Node 135: 11 10000 10102 10400 10700 
Node 136: 11 10000 10102 10400 10700 
Node 10000: 0 1 2 3 4 5 6 7 8 9 10 11 13 14 125 126 127 128 129 130 131 132 133 134 135 136 10100 10101 10102 10300 10400 10800 11800 11900 
Node 10100: 11 10000 
Node 10101: 0 1 2 3 4 5 6 7 8 9 10 11 13 14 132 133 134 10000 
Node 10102: 0 1 2 3 11 130 131 135 136 10000 10400 10700 10800 11800 11900 
Node 10300: 11 10000 
Node 10400: 0 1 2 3 11 135 136 10000 10102 10700 
Node 10700: 0 1 2 3 11 130 135 136 10102 10400 11800 11900 
Node 10800: 11 10000 10102 
Node 11800: 11 130 10000 10102 10700 
Node 11900: 11 10000 10102 10700 
Move pairs: 
(0, 124) (0, 131) (0, 132) (0, 134) (0, 136) (0, 10800) (10000, 0) (10100, 10300) (10101, 10100) (10101, 10102) (10700, 10000) 

========== REGISTER ALLOCATION WITH k=2 ==========

Coloring function __$main__^main with k=2 colors...
Coloring result:
Interference Graph: with #colors=2:
Node 0: 1 2 3 11 
Node 1: 0 2 3 11 
Node 2: 0 1 3 11 
Node 3: 0 1 2 11 
Node 4: 5 6 7 8 9 10 11 13 14 
Node 5: 4 6 7 8 9 10 11 13 14 
Node 6: 4 5 7 8 9 10 11 13 14 
Node 7: 4 5 6 8 9 10 11 13 14 
Node 8: 4 5 6 7 9 10 11 13 14 
Node 9: 4 5 6 7 8 10 11 13 14 
Node 10: 4 5 6 7 8 9 11 13 14 
Node 11: 0 1 2 3 4 5 6 7 8 9 10 13 14 
Node 13: 4 5 6 7 8 9 10 11 14 
Node 14: 4 5 6 7 8 9 10 11 13 
Simplified nodes (reversed order from the simplification process): 
Coalesced moves: 
Remaining move pairs: (10000, 0) (10101, 10102) (10700, 10000) 
Spilled temps: 10000 10101 10102 10400 10700 
Colored nodes:
0 -> 0
1 -> 1
2 -> 2
3 -> 3
4 -> 4
5 -> 5
6 -> 6
7 -> 7
8 -> 8
9 -> 9
10 -> 10
11 -> 11
13 -> 13
14 -> 14
124 -> 0
125 -> 0
126 -> 0
127 -> 0
128 -> 0
129 -> 0
130 -> 1
131 -> 0
132 -> 0
133 -> 0
134 -> 0
135 -> 0
136 -> 0
10100 -> 0
10300 -> 0
10800 -> 0
11800 -> 0
11900 -> 0


========== APPLYING COLORS FOR k=2 ==========
Writing colored assembly to: k2/insttest1.colored.s

========== REGISTER ALLOCATION WITH k=5 ==========

Coloring function __$main__^main with k=5 colors...
Coloring result:
Interference Graph: with #colors=5:
Node 0: 1 2 3 11 
Node 1: 0 2 3 11 
Node 2: 0 1 3 11 
Node 3: 0 1 2 11 
Node 4: 5 6 7 8 9 10 11 13 14 
Node 5: 4 6 7 8 9 10 11 13 14 
Node 6: 4 5 7 8 9 10 11 13 14 
Node 7: 4 5 6 8 9 10 11 13 14 
Node 8: 4 5 6 7 9 10 11 13 14 
Node 9: 4 5 6 7 8 10 11 13 14 
Node 10: 4 5 6 7 8 9 11 13 14 
Node 11: 0 1 2 3 4 5 6 7 8 9 10 13 14 
Node 13: 4 5 6 7 8 9 10 11 14 
Node 14: 4 5 6 7 8 9 10 11 13 
Simplified nodes (reversed order from the simplification process): 
Coalesced moves: 
Remaining move pairs: (10000, 0) (10101, 10102) (10700, 10000) 
Spilled temps: 10000 10101 10102 10400 
Colored nodes:
0 -> 0
1 -> 1
2 -> 2
3 -> 3
4 -> 4
5 -> 5
6 -> 6
7 -> 7
8 -> 8
9 -> 9
10 -> 10
11 -> 11
13 -> 13
14 -> 14
124 -> 0
125 -> 0
126 -> 0
127 -> 0
128 -> 0
129 -> 0
130 -> 1
131 -> 0
132 -> 0
133 -> 0
134 -> 0
135 -> 0
136 -> 0
10100 -> 0
10300 -> 0
10700 -> 4
10800 -> 0
11800 -> 0
11900 -> 0


========== APPLYING COLORS FOR k=5 ==========
Writing colored assembly to: k5/insttest1.colored.s

========== REGISTER ALLOCATION WITH k=9 ==========

Coloring function __$main__^main with k=9 colors...
Coloring result:
Interference Graph: with #colors=9:
Node 0: 1 2 3 11 
Node 1: 0 2 3 11 
Node 2: 0 1 3 11 
Node 3: 0 1 2 11 
Node 4: 5 6 7 8 9 10 11 13 14 
Node 5: 4 6 7 8 9 10 11 13 14 
Node 6: 4 5 7 8 9 10 11 13 14 
Node 7: 4 5 6 8 9 10 11 13 14 
Node 8: 4 5 6 7 9 10 11 13 14 
Node 9: 4 5 6 7 8 10 11 13 14 
Node 10: 4 5 6 7 8 9 11 13 14 
Node 11: 0 1 2 3 4 5 6 7 8 9 10 13 14 
Node 13: 4 5 6 7 8 9 10 11 14 
Node 14: 4 5 6 7 8 9 10 11 13 
Simplified nodes (reversed order from the simplification process): 
Coalesced moves: 
Remaining move pairs: (10000, 0) 
Spilled temps: 10000 10101 
Colored nodes:
0 -> 0
1 -> 1
2 -> 2
3 -> 3
4 -> 4
5 -> 5
6 -> 6
7 -> 7
8 -> 8
9 -> 9
10 -> 10
11 -> 11
13 -> 13
14 -> 14
124 -> 0
125 -> 0
126 -> 0
127 -> 0
128 -> 0
129 -> 0
130 -> 1
131 -> 0
132 -> 0
133 -> 0
134 -> 0
135 -> 0
136 -> 0
10100 -> 0
10102 -> 5
10300 -> 0
10400 -> 6
10700 -> 4
10800 -> 0
11800 -> 0
11900 -> 0


========== APPLYING COLORS FOR k=9 ==========
Writing colored assembly to: k9/insttest1.colored.s

Done.
Reading insttest2.5-xml.asm
Reading assembly program from: insttest2.5-xml.asm
Writing assembly to: insttest2.s

Building interference graphs...

Interference Graph for function: __$main__^main
Interference Graph: size=41
Node 0: 1 2 3 11 10000 10100 10101 10102 10300 10600 11000 
Node 1: 0 2 3 11 10000 10100 10101 10102 10300 10600 11000 
Node 2: 0 1 3 11 10000 10100 10101 10102 10300 10600 11000 
Node 3: 0 1 2 11 10000 10100 10101 10102 10300 10600 11000 
Node 4: 5 6 7 8 9 10 11 13 14 10000 10101 
Node 5: 4 6 7 8 9 10 11 13 14 10000 10101 
Node 6: 4 5 7 8 9 10 11 13 14 10000 10101 
Node 7: 4 5 6 8 9 10 11 13 14 10000 10101 
Node 8: 4 5 6 7 9 10 11 13 14 10000 10101 
Node 9: 4 5 6 7 8 10 11 13 14 10000 10101 
Node 10: 4 5 6 7 8 9 11 13 14 10000 10101 
Node 11: 0 1 2 3 4 5 6 7 8 9 10 13 14 130 131 132 133 134 135 136 137 138 139 140 141 142 143 10000 10100 10101 10102 10300 10400 10500 10600 11000 11100 12100 12400 12500 
Node 13: 4 5 6 7 8 9 10 11 14 10000 10101 
Node 14: 4 5 6 7 8 9 10 11 13 10000 10101 
Node 130: 11 
Node 131: 11 10100 10300 
Node 132: 11 10100 10300 10400 
Node 133: 11 10000 10100 10400 12100 
Node 134: 11 10000 10100 10400 12100 
Node 135: 11 10000 10100 10400 12100 
Node 136: 11 10000 10100 10400 12100 
Node 137: 11 10000 10102 11000 12400 
Node 138: 11 10000 10102 
Node 139: 11 10000 10101 
Node 140: 11 10000 10101 
Node 141: 11 10000 10101 
Node 142: 11 10000 10102 10600 11000 
Node 143: 11 10000 10102 10600 11000 
Node 10000: 0 1 2 3 4 5 6 7 8 9 10 11 13 14 133 134 135 136 137 138 139 140 141 142 143 10100 10101 10102 10400 10500 10600 11000 11100 12100 12400 12500 
Node 10100: 0 1 2 3 11 131 132 133 134 135 136 10000 10300 10400 12100 
Node 10101: 0 1 2 3 4 5 6 7 8 9 10 11 13 14 139 140 141 10000 
Node 10102: 0 1 2 3 11 137 138 142 143 10000 10500 10600 11000 11100 12400 12500 
Node 10300: 0 1 2 3 11 131 132 10100 10400 
Node 10400: 11 132 133 134 135 136 10000 10100 10300 12100 
Node 10500: 11 10000 10102 
Node 10600: 0 1 2 3 11 142 143 10000 10102 11000 
Node 11000: 0 1 2 3 11 137 142 143 10000 10102 10600 12400 12500 
Node 11100: 11 10000 10102 
Node 12100: 11 133 134 135 136 10000 10100 10400 
Node 12400: 11 137 10000 10102 11000 
Node 12500: 11 10000 10102 11000 
Move pairs: 
(0, 130) (0, 131) (0, 138) (0, 139) (0, 141) (0, 143) (0, 11100) (10000, 10300) (10101, 10100) (10101, 10102) (10300, 0) (10400, 0) (11000, 10500) (12100, 10300) 

========== REGISTER ALLOCATION WITH k=2 ==========

Coloring function __$main__^main with k=2 colors...
Coloring result:
Interference Graph: with #colors=2:
Node 0: 1 2 3 11 
Node 1: 0 2 3 11 
Node 2: 0 1 3 11 
Node 3: 0 1 2 11 
Node 4: 5 6 7 8 9 10 11 13 14 
Node 5: 4 6 7 8 9 10 11 13 14 
Node 6: 4 5 7 8 9 10 11 13 14 
Node 7: 4 5 6 8 9 10 11 13 14 
Node 8: 4 5 6 7 9 10 11 13 14 
Node 9: 4 5 6 7 8 10 11 13 14 
Node 10: 4 5 6 7 8 9 11 13 14 
Node 11: 0 1 2 3 4 5 6 7 8 9 10 13 14 
Node 13: 4 5 6 7 8 9 10 11 14 
Node 14: 4 5 6 7 8 9 10 11 13 
Simplified nodes (reversed order from the simplification process): 
Coalesced moves: 
Remaining move pairs: (10000, 10300) (10101, 10100) (10101, 10102) (10300, 0) (10400, 0) (12100, 10300) 
Spilled temps: 10000 10100 10101 10102 10300 10400 10600 11000 
Colored nodes:
0 -> 0
1 -> 1
2 -> 2
3 -> 3
4 -> 4
5 -> 5
6 -> 6
7 -> 7
8 -> 8
9 -> 9
10 -> 10
11 -> 11
13 -> 13
14 -> 14
130 -> 0
131 -> 0
132 -> 0
133 -> 0
134 -> 0
135 -> 0
136 -> 0
137 -> 1
138 -> 0
139 -> 0
140 -> 0
141 -> 0
142 -> 0
143 -> 0
10500 -> 0
11100 -> 0
12100 -> 1
12400 -> 0
12500 -> 0


========== APPLYING COLORS FOR k=2 ==========
Writing colored assembly to: k2/insttest2.colored.s

========== REGISTER ALLOCATION WITH k=5 ==========

Coloring function __$main__^main with k=5 colors...
Coloring result:
Interference Graph: with #colors=5:
Node 0: 1 2 3 11 
Node 1: 0 2 3 11 
Node 2: 0 1 3 11 
Node 3: 0 1 2 11 
Node 4: 5 6 7 8 9 10 11 13 14 
Node 5: 4 6 7 8 9 10 11 13 14 
Node 6: 4 5 7 8 9 10 11 13 14 
Node 7: 4 5 6 8 9 10 11 13 14 
Node 8: 4 5 6 7 9 10 11 13 14 
Node 9: 4 5 6 7 8 10 11 13 14 
Node 10: 4 5 6 7 8 9 11 13 14 
Node 11: 0 1 2 3 4 5 6 7 8 9 10 13 14 
Node 13: 4 5 6 7 8 9 10 11 14 
Node 14: 4 5 6 7 8 9 10 11 13 
Simplified nodes (reversed order from the simplification process): 
Coalesced moves: 
Remaining move pairs: (10000, 10300) (10101, 10100) (10101, 10102) (10300, 0) 
Spilled temps: 10000 10100 10101 10102 10600 
Colored nodes:
0 -> 0
1 -> 1
2 -> 2
3 -> 3
4 -> 4
5 -> 5
6 -> 6
7 -> 7
8 -> 8
9 -> 9
10 -> 10
11 -> 11
13 -> 13
14 -> 14
130 -> 0
131 -> 0
132 -> 0
133 -> 2
134 -> 2
135 -> 2
136 -> 2
137 -> 1
138 -> 0
139 -> 0
140 -> 0
141 -> 0
142 -> 0
143 -> 0
10300 -> 4
10400 -> 1
10500 -> 0
11000 -> 4
11100 -> 0
12100 -> 0
12400 -> 0
12500 -> 0


========== APPLYING COLORS FOR k=5 ==========
Writing colored assembly to: k5/insttest2.colored.s

========== REGISTER ALLOCATION WITH k=9 ==========

Coloring function __$main__^main with k=9 colors...
Coloring result:
Interference Graph: with #colors=9:
Node 0: 1 2 3 11 
Node 1: 0 2 3 11 
Node 2: 0 1 3 11 
Node 3: 0 1 2 11 
Node 4: 5 6 7 8 9 10 11 13 14 
Node 5: 4 6 7 8 9 10 11 13 14 
Node 6: 4 5 7 8 9 10 11 13 14 
Node 7: 4 5 6 8 9 10 11 13 14 
Node 8: 4 5 6 7 9 10 11 13 14 
Node 9: 4 5 6 7 8 10 11 13 14 
Node 10: 4 5 6 7 8 9 11 13 14 
Node 11: 0 1 2 3 4 5 6 7 8 9 10 13 14 
Node 13: 4 5 6 7 8 9 10 11 14 
Node 14: 4 5 6 7 8 9 10 11 13 
Simplified nodes (reversed order from the simplification process): 
Coalesced moves: 
Remaining move pairs: 
Spilled temps: 10000 10101 
Colored nodes:
0 -> 0
1 -> 1
2 -> 2
3 -> 3
4 -> 4
5 -> 5
6 -> 6
7 -> 7
8 -> 8
9 -> 9
10 -> 10
11 -> 11
13 -> 13
14 -> 14
130 -> 0
131 -> 0
132 -> 1
133 -> 2
134 -> 2
135 -> 2
136 -> 2
137 -> 1
138 -> 0
139 -> 0
140 -> 0
141 -> 0
142 -> 0
143 -> 0
10100 -> 4
10102 -> 4
10300 -> 5
10400 -> 0
10500 -> 0
10600 -> 6
11000 -> 5
11100 -> 0
12100 -> 1
12400 -> 0
12500 -> 0


========== APPLYING COLORS FOR k=9 ==========
Writing colored assembly to: k9/insttest2.colored.s

Done.
Reading insttest3.5-xml.asm
Reading assembly program from: insttest3.5-xml.asm
Writing assembly to: insttest3.s

Building interference graphs...

Interference Graph for function: C^m
Interference Graph: size=13
Node 0: 11 13 
Node 4: 5 6 7 8 9 10 11 13 14 
Node 5: 4 6 7 8 9 10 11 13 14 
Node 6: 4 5 7 8 9 10 11 13 14 
Node 7: 4 5 6 8 9 10 11 13 14 
Node 8: 4 5 6 7 9 10 11 13 14 
Node 9: 4 5 6 7 8 10 11 13 14 
Node 10: 4 5 6 7 8 9 11 13 14 
Node 11: 0 4 5 6 7 8 9 10 13 14 100 10300 
Node 13: 0 4 5 6 7 8 9 10 11 14 
Node 14: 4 5 6 7 8 9 10 11 13 
Node 100: 11 
Node 10300: 11 
Move pairs: 
(0, 10300) (100, 0) 

Interference Graph for function: __$main__^main
Interference Graph: size=45
Node 0: 1 2 3 11 10000 10200 10201 10202 10400 10700 11000 11300 
Node 1: 0 2 3 11 10000 10200 10201 10202 10400 10700 11300 
Node 2: 0 1 3 11 10000 10200 10201 10202 10400 10700 11300 
Node 3: 0 1 2 11 10000 10200 10201 10202 10400 10700 11300 
Node 4: 5 6 7 8 9 10 11 13 14 10000 10201 
Node 5: 4 6 7 8 9 10 11 13 14 10000 10201 
Node 6: 4 5 7 8 9 10 11 13 14 10000 10201 
Node 7: 4 5 6 8 9 10 11 13 14 10000 10201 
Node 8: 4 5 6 7 9 10 11 13 14 10000 10201 
Node 9: 4 5 6 7 8 10 11 13 14 10000 10201 
Node 10: 4 5 6 7 8 9 11 13 14 10000 10201 
Node 11: 0 1 2 3 4 5 6 7 8 9 10 13 14 135 136 137 138 139 140 141 142 143 144 145 146 147 148 149 10000 10200 10201 10202 10400 10500 10600 10700 11000 11100 11300 11400 12400 12500 12900 13000 
Node 13: 4 5 6 7 8 9 10 11 14 10000 10201 
Node 14: 4 5 6 7 8 9 10 11 13 10000 10201 
Node 135: 11 
Node 136: 11 10200 10400 
Node 137: 11 10200 10400 10500 
Node 138: 11 10200 10500 10600 12400 12500 
Node 139: 11 10200 10500 10600 12400 12500 
Node 140: 11 10200 10500 10600 12400 12500 
Node 141: 11 10200 10500 10600 12400 12500 
Node 142: 11 10200 10600 12500 
Node 143: 11 10000 10202 11300 12900 
Node 144: 11 10000 10202 
Node 145: 11 10000 10201 
Node 146: 11 10000 10201 
Node 147: 11 10000 10201 
Node 148: 11 10000 10202 10700 11300 
Node 149: 11 10000 10202 10700 11300 
Node 10000: 0 1 2 3 4 5 6 7 8 9 10 11 13 14 143 144 145 146 147 148 149 10200 10201 10202 10700 11400 12900 13000 
Node 10200: 0 1 2 3 11 136 137 138 139 140 141 142 10000 10400 10500 10600 11000 11100 12400 12500 
Node 10201: 0 1 2 3 4 5 6 7 8 9 10 11 13 14 145 146 147 10000 
Node 10202: 0 1 2 3 11 143 144 148 149 10000 10700 11300 11400 12900 13000 
Node 10400: 0 1 2 3 11 136 137 10200 10500 12500 
Node 10500: 11 137 138 139 140 141 10200 10400 10600 12400 12500 
Node 10600: 11 138 139 140 141 142 10200 10500 11000 12400 12500 
Node 10700: 0 1 2 3 11 148 149 10000 10202 11300 
Node 11000: 0 11 10200 10600 
Node 11100: 11 10200 
Node 11300: 0 1 2 3 11 143 148 149 10202 10700 12900 13000 
Node 11400: 11 10000 10202 
Node 12400: 11 138 139 140 141 10200 10500 10600 12500 
Node 12500: 11 138 139 140 141 142 10200 10400 10500 10600 12400 
Node 12900: 11 143 10000 10202 11300 
Node 13000: 11 10000 10202 11300 
Move pairs: 
(0, 135) (0, 136) (0, 144) (0, 145) (0, 147) (0, 149) (0, 10600) (0, 11400) (10000, 11100) (10201, 10200) (10201, 10202) (10400, 0) (10500, 0) (10600, 10400) (11100, 0) (11300, 10000) (12400, 10400) 

========== REGISTER ALLOCATION WITH k=2 ==========

Coloring function C^m with k=2 colors...
Coloring result:
Interference Graph: with #colors=2:
Node 0: 11 13 
Node 4: 5 6 7 8 9 10 11 13 14 
Node 5: 4 6 7 8 9 10 11 13 14 
Node 6: 4 5 7 8 9 10 11 13 14 
Node 7: 4 5 6 8 9 10 11 13 14 
Node 8: 4 5 6 7 9 10 11 13 14 
Node 9: 4 5 6 7 8 10 11 13 14 
Node 10: 4 5 6 7 8 9 11 13 14 
Node 11: 0 4 5 6 7 8 9 10 13 14 
Node 13: 0 4 5 6 7 8 9 10 11 14 
Node 14: 4 5 6 7 8 9 10 11 13 
Simplified nodes (reversed order from the simplification process): 
Coalesced moves: 
Remaining move pairs: 
Colored nodes:
0 -> 0
4 -> 4
5 -> 5
6 -> 6
7 -> 7
8 -> 8
9 -> 9
10 -> 10
11 -> 11
13 -> 13
14 -> 14
100 -> 0
10300 -> 0


Coloring function __$main__^main with k=2 colors...
Coloring result:
Interference Graph: with #colors=2:
Node 0: 1 2 3 11 
Node 1: 0 2 3 11 
Node 2: 0 1 3 11 
Node 3: 0 1 2 11 
Node 4: 5 6 7 8 9 10 11 13 14 
Node 5: 4 6 7 8 9 10 11 13 14 
Node 6: 4 5 7 8 9 10 11 13 14 
Node 7: 4 5 6 8 9 10 11 13 14 
Node 8: 4 5 6 7 9 10 11 13 14 
Node 9: 4 5 6 7 8 10 11 13 14 
Node 10: 4 5 6 7 8 9 11 13 14 
Node 11: 0 1 2 3 4 5 6 7 8 9 10 13 14 
Node 13: 4 5 6 7 8 9 10 11 14 
Node 14: 4 5 6 7 8 9 10 11 13 
Simplified nodes (reversed order from the simplification process): 
Coalesced moves: 
Remaining move pairs: (0, 10600) (10201, 10200) (10201, 10202) (10400, 0) (10500, 0) (10600, 10400) (11300, 10000) (12400, 10400) 
Spilled temps: 10000 10200 10201 10202 10400 10500 10600 10700 11300 12500 
Colored nodes:
0 -> 0
1 -> 1
2 -> 2
3 -> 3
4 -> 4
5 -> 5
6 -> 6
7 -> 7
8 -> 8
9 -> 9
10 -> 10
11 -> 11
13 -> 13
14 -> 14
135 -> 0
136 -> 0
137 -> 0
138 -> 0
139 -> 0
140 -> 0
141 -> 0
142 -> 0
143 -> 1
144 -> 0
145 -> 0
146 -> 0
147 -> 0
148 -> 0
149 -> 0
11000 -> 1
11100 -> 0
11400 -> 0
12400 -> 1
12900 -> 0
13000 -> 0


========== APPLYING COLORS FOR k=2 ==========
Writing colored assembly to: k2/insttest3.colored.s

========== REGISTER ALLOCATION WITH k=5 ==========

Coloring function C^m with k=5 colors...
Coloring result:
Interference Graph: with #colors=5:
Node 0: 11 13 
Node 4: 5 6 7 8 9 10 11 13 14 
Node 5: 4 6 7 8 9 10 11 13 14 
Node 6: 4 5 7 8 9 10 11 13 14 
Node 7: 4 5 6 8 9 10 11 13 14 
Node 8: 4 5 6 7 9 10 11 13 14 
Node 9: 4 5 6 7 8 10 11 13 14 
Node 10: 4 5 6 7 8 9 11 13 14 
Node 11: 0 4 5 6 7 8 9 10 13 14 
Node 13: 0 4 5 6 7 8 9 10 11 14 
Node 14: 4 5 6 7 8 9 10 11 13 
Simplified nodes (reversed order from the simplification process): 
Coalesced moves: 
Remaining move pairs: 
Colored nodes:
0 -> 0
4 -> 4
5 -> 5
6 -> 6
7 -> 7
8 -> 8
9 -> 9
10 -> 10
11 -> 11
13 -> 13
14 -> 14
100 -> 0
10300 -> 0


Coloring function __$main__^main with k=5 colors...
Coloring result:
Interference Graph: with #colors=5:
Node 0: 1 2 3 11 
Node 1: 0 2 3 11 
Node 2: 0 1 3 11 
Node 3: 0 1 2 11 
Node 4: 5 6 7 8 9 10 11 13 14 
Node 5: 4 6 7 8 9 10 11 13 14 
Node 6: 4 5 7 8 9 10 11 13 14 
Node 7: 4 5 6 8 9 10 11 13 14 
Node 8: 4 5 6 7 9 10 11 13 14 
Node 9: 4 5 6 7 8 10 11 13 14 
Node 10: 4 5 6 7 8 9 11 13 14 
Node 11: 0 1 2 3 4 5 6 7 8 9 10 13 14 
Node 13: 4 5 6 7 8 9 10 11 14 
Node 14: 4 5 6 7 8 9 10 11 13 
Simplified nodes (reversed order from the simplification process): 
Coalesced moves: 
Remaining move pairs: (10201, 10200) (10201, 10202) (10400, 0) (10500, 0) (11300, 10000) 
Spilled temps: 10000 10200 10201 10202 10500 10700 
Colored nodes:
0 -> 0
1 -> 1
2 -> 2
3 -> 3
4 -> 4
5 -> 5
6 -> 6
7 -> 7
8 -> 8
9 -> 9
10 -> 10
11 -> 11
13 -> 13
14 -> 14
135 -> 0
136 -> 0
137 -> 0
138 -> 3
139 -> 3
140 -> 3
141 -> 3
142 -> 0
143 -> 1
144 -> 0
145 -> 0
146 -> 0
147 -> 0
148 -> 0
149 -> 0
10400 -> 4
10600 -> 1
11000 -> 2
11100 -> 0
11300 -> 4
11400 -> 0
12400 -> 0
12500 -> 2
12900 -> 0
13000 -> 0


========== APPLYING COLORS FOR k=5 ==========
Writing colored assembly to: k5/insttest3.colored.s

========== REGISTER ALLOCATION WITH k=9 ==========

Coloring function C^m with k=9 colors...
Coloring result:
Interference Graph: with #colors=9:
Node 0: 11 13 
Node 4: 5 6 7 8 9 10 11 13 14 
Node 5: 4 6 7 8 9 10 11 13 14 
Node 6: 4 5 7 8 9 10 11 13 14 
Node 7: 4 5 6 8 9 10 11 13 14 
Node 8: 4 5 6 7 9 10 11 13 14 
Node 9: 4 5 6 7 8 10 11 13 14 
Node 10: 4 5 6 7 8 9 11 13 14 
Node 11: 0 4 5 6 7 8 9 10 13 14 
Node 13: 0 4 5 6 7 8 9 10 11 14 
Node 14: 4 5 6 7 8 9 10 11 13 
Simplified nodes (reversed order from the simplification process): 
Coalesced moves: 
Remaining move pairs: 
Colored nodes:
0 -> 0
4 -> 4
5 -> 5
6 -> 6
7 -> 7
8 -> 8
9 -> 9
10 -> 10
11 -> 11
13 -> 13
14 -> 14
100 -> 0
10300 -> 0


Coloring function __$main__^main with k=9 colors...
Coloring result:
Interference Graph: with #colors=9:
Node 0: 1 2 3 11 
Node 1: 0 2 3 11 
Node 2: 0 1 3 11 
Node 3: 0 1 2 11 
Node 4: 5 6 7 8 9 10 11 13 14 
Node 5: 4 6 7 8 9 10 11 13 14 
Node 6: 4 5 7 8 9 10 11 13 14 
Node 7: 4 5 6 8 9 10 11 13 14 
Node 8: 4 5 6 7 9 10 11 13 14 
Node 9: 4 5 6 7 8 10 11 13 14 
Node 10: 4 5 6 7 8 9 11 13 14 
Node 11: 0 1 2 3 4 5 6 7 8 9 10 13 14 
Node 13: 4 5 6 7 8 9 10 11 14 
Node 14: 4 5 6 7 8 9 10 11 13 
Simplified nodes (reversed order from the simplification process): 
Coalesced moves: 
Remaining move pairs: 
Spilled temps: 10000 10201 
Colored nodes:
0 -> 0
1 -> 1
2 -> 2
3 -> 3
4 -> 4
5 -> 5
6 -> 6
7 -> 7
8 -> 8
9 -> 9
10 -> 10
11 -> 11
13 -> 13
14 -> 14
135 -> 0
136 -> 0
137 -> 0
138 -> 5
139 -> 5
140 -> 5
141 -> 5
142 -> 1
143 -> 1
144 -> 0
145 -> 0
146 -> 0
147 -> 0
148 -> 0
149 -> 0
10200 -> 4
10202 -> 5
10400 -> 5
10500 -> 1
10600 -> 0
10700 -> 6
11000 -> 1
11100 -> 0
11300 -> 4
11400 -> 0
12400 -> 2
12500 -> 3
12900 -> 0
13000 -> 0


========== APPLYING COLORS FOR k=9 ==========
Writing colored assembly to: k9/insttest3.colored.s

Done.
Reading insttest4.5-xml.asm
Reading assembly program from: insttest4.5-xml.asm
Writing assembly to: insttest4.s

Building interference graphs...

Interference Graph for function: C^m
Interference Graph: size=17
Node 0: 11 13 100 
Node 1: 11 13 100 
Node 4: 5 6 7 8 9 10 11 13 14 100 
Node 5: 4 6 7 8 9 10 11 13 14 100 
Node 6: 4 5 7 8 9 10 11 13 14 100 
Node 7: 4 5 6 8 9 10 11 13 14 100 
Node 8: 4 5 6 7 9 10 11 13 14 100 
Node 9: 4 5 6 7 8 10 11 13 14 100 
Node 10: 4 5 6 7 8 9 11 13 14 100 
Node 11: 0 1 4 5 6 7 8 9 10 13 14 100 101 107 10400 10600 
Node 13: 0 1 4 5 6 7 8 9 10 11 14 100 
Node 14: 4 5 6 7 8 9 10 11 13 100 
Node 100: 0 1 4 5 6 7 8 9 10 11 13 14 101 107 10600 
Node 101: 11 100 107 
Node 107: 11 100 101 
Node 10400: 11 
Node 10600: 11 100 
Move pairs: 
(0, 10400) (0, 10600) (100, 0) (101, 1) 

Interference Graph for function: __$main__^main
Interference Graph: size=59
Node 0: 1 2 3 11 10000 10101 10102 10300 10600 10800 11200 11300 11400 11500 11800 13600 13700 
Node 1: 0 2 3 11 10000 10101 10102 10300 10600 10800 11200 11400 11500 11800 13600 13700 
Node 2: 0 1 3 11 10000 10101 10102 10300 10600 10800 11200 11400 11800 13600 13700 
Node 3: 0 1 2 11 10000 10101 10102 10300 10600 10800 11200 11400 11800 13600 13700 
Node 4: 5 6 7 8 9 10 11 13 14 10000 10101 
Node 5: 4 6 7 8 9 10 11 13 14 10000 10101 
Node 6: 4 5 7 8 9 10 11 13 14 10000 10101 
Node 7: 4 5 6 8 9 10 11 13 14 10000 10101 
Node 8: 4 5 6 7 9 10 11 13 14 10000 10101 
Node 9: 4 5 6 7 8 10 11 13 14 10000 10101 
Node 10: 4 5 6 7 8 9 11 13 14 10000 10101 
Node 11: 0 1 2 3 4 5 6 7 8 9 10 13 14 148 149 150 151 152 153 154 155 156 157 158 159 160 161 162 163 164 165 166 167 168 169 10000 10100 10101 10102 10300 10400 10500 10600 10700 10800 11200 11300 11400 11500 11600 11800 11900 12900 13600 13700 13800 14200 14300 
Node 13: 4 5 6 7 8 9 10 11 14 10000 10101 
Node 14: 4 5 6 7 8 9 10 11 13 10000 10101 
Node 148: 11 
Node 149: 11 10300 
Node 150: 11 10300 10400 
Node 151: 11 10400 10600 12900 13600 13700 
Node 152: 11 10400 10600 12900 13600 13700 
Node 153: 11 10400 10600 12900 13600 13700 
Node 154: 11 10400 10600 12900 13600 13700 
Node 155: 11 10600 13600 13700 
Node 156: 11 10500 10600 13600 13700 
Node 157: 11 10500 11400 13600 13700 13800 
Node 158: 11 10500 11400 13600 13700 13800 
Node 159: 11 10500 11400 13600 13700 13800 
Node 160: 11 10500 11400 13600 13700 13800 
Node 161: 11 10500 11400 13600 13700 13800 
Node 162: 11 11400 13700 13800 
Node 163: 11 10000 10102 11800 14200 
Node 164: 11 10000 10102 
Node 165: 11 10000 10101 
Node 166: 11 10000 10101 
Node 167: 11 10000 10101 
Node 168: 11 10000 10102 10800 11800 
Node 169: 11 10000 10102 10800 11800 
Node 10000: 0 1 2 3 4 5 6 7 8 9 10 11 13 14 163 164 165 166 167 168 169 10100 10101 10102 10700 10800 11900 14200 14300 
Node 10100: 11 10000 
Node 10101: 0 1 2 3 4 5 6 7 8 9 10 11 13 14 165 166 167 10000 
Node 10102: 0 1 2 3 11 163 164 168 169 10000 10800 11800 11900 14200 14300 
Node 10300: 0 1 2 3 11 149 150 10400 13600 13700 
Node 10400: 11 150 151 152 153 154 10300 10600 12900 13600 13700 
Node 10500: 11 156 157 158 159 160 161 10600 11400 13600 13700 13800 
Node 10600: 0 1 2 3 11 151 152 153 154 155 156 10400 10500 12900 13600 13700 13800 
Node 10700: 11 10000 
Node 10800: 0 1 2 3 11 168 169 10000 10102 11800 
Node 11200: 0 1 2 3 11 11300 11400 
Node 11300: 0 11 11200 11400 11500 
Node 11400: 0 1 2 3 11 157 158 159 160 161 162 10500 11200 11300 11500 13600 13700 13800 
Node 11500: 0 1 11 11300 11400 
Node 11600: 11 
Node 11800: 0 1 2 3 11 163 168 169 10102 10800 14200 14300 
Node 11900: 11 10000 10102 
Node 12900: 11 151 152 153 154 10400 10600 13600 13700 
Node 13600: 0 1 2 3 11 151 152 153 154 155 156 157 158 159 160 161 10300 10400 10500 10600 11400 12900 13700 13800 
Node 13700: 0 1 2 3 11 151 152 153 154 155 156 157 158 159 160 161 162 10300 10400 10500 10600 11400 12900 13600 13800 
Node 13800: 11 157 158 159 160 161 162 10500 10600 11400 13600 13700 
Node 14200: 11 163 10000 10102 11800 
Node 14300: 11 10000 10102 11800 
Move pairs: 
(0, 148) (0, 149) (0, 155) (0, 164) (0, 165) (0, 167) (0, 169) (0, 11400) (0, 11900) (1, 11300) (10000, 11600) (10100, 10700) (10101, 10100) (10101, 10102) (10300, 0) (10400, 0) (10500, 0) (10600, 10300) (11300, 0) (11400, 10600) (11500, 11200) (11600, 0) (11800, 10000) (12900, 10300) 

========== REGISTER ALLOCATION WITH k=2 ==========

Coloring function C^m with k=2 colors...
Coloring result:
Interference Graph: with #colors=2:
Node 0: 11 13 
Node 1: 11 13 
Node 4: 5 6 7 8 9 10 11 13 14 
Node 5: 4 6 7 8 9 10 11 13 14 
Node 6: 4 5 7 8 9 10 11 13 14 
Node 7: 4 5 6 8 9 10 11 13 14 
Node 8: 4 5 6 7 9 10 11 13 14 
Node 9: 4 5 6 7 8 10 11 13 14 
Node 10: 4 5 6 7 8 9 11 13 14 
Node 11: 0 1 4 5 6 7 8 9 10 13 14 
Node 13: 0 1 4 5 6 7 8 9 10 11 14 
Node 14: 4 5 6 7 8 9 10 11 13 
Simplified nodes (reversed order from the simplification process): 
Coalesced moves: 
Remaining move pairs: (100, 0) (101, 1) 
Spilled temps: 100 
Colored nodes:
0 -> 0
1 -> 1
4 -> 4
5 -> 5
6 -> 6
7 -> 7
8 -> 8
9 -> 9
10 -> 10
11 -> 11
13 -> 13
14 -> 14
101 -> 1
107 -> 0
10400 -> 0
10600 -> 0


Coloring function __$main__^main with k=2 colors...
Coloring result:
Interference Graph: with #colors=2:
Node 0: 1 2 3 11 
Node 1: 0 2 3 11 
Node 2: 0 1 3 11 
Node 3: 0 1 2 11 
Node 4: 5 6 7 8 9 10 11 13 14 
Node 5: 4 6 7 8 9 10 11 13 14 
Node 6: 4 5 7 8 9 10 11 13 14 
Node 7: 4 5 6 8 9 10 11 13 14 
Node 8: 4 5 6 7 9 10 11 13 14 
Node 9: 4 5 6 7 8 10 11 13 14 
Node 10: 4 5 6 7 8 9 11 13 14 
Node 11: 0 1 2 3 4 5 6 7 8 9 10 13 14 
Node 13: 4 5 6 7 8 9 10 11 14 
Node 14: 4 5 6 7 8 9 10 11 13 
Simplified nodes (reversed order from the simplification process): 
Coalesced moves: 
Remaining move pairs: (0, 11400) (1, 11300) (10101, 10102) (10300, 0) (10400, 0) (10500, 0) (10600, 10300) (11300, 0) (11400, 10600) (11500, 11200) (11800, 10000) (12900, 10300) 
Spilled temps: 10000 10101 10102 10300 10400 10500 10600 10800 11200 11400 11500 11800 13600 13700 
Colored nodes:
0 -> 0
1 -> 1
2 -> 2
3 -> 3
4 -> 4
5 -> 5
6 -> 6
7 -> 7
8 -> 8
9 -> 9
10 -> 10
11 -> 11
13 -> 13
14 -> 14
148 -> 0
149 -> 0
150 -> 0
151 -> 0
152 -> 0
153 -> 0
154 -> 0
155 -> 0
156 -> 0
157 -> 0
158 -> 0
159 -> 0
160 -> 0
161 -> 0
162 -> 0
163 -> 1
164 -> 0
165 -> 0
166 -> 0
167 -> 0
168 -> 0
169 -> 0
10100 -> 0
10700 -> 0
11300 -> 1
11600 -> 0
11900 -> 0
12900 -> 1
13800 -> 1
14200 -> 0
14300 -> 0


========== APPLYING COLORS FOR k=2 ==========
Writing colored assembly to: k2/insttest4.colored.s

========== REGISTER ALLOCATION WITH k=5 ==========

Coloring function C^m with k=5 colors...
Coloring result:
Interference Graph: with #colors=5:
Node 0: 11 13 
Node 1: 11 13 
Node 4: 5 6 7 8 9 10 11 13 14 
Node 5: 4 6 7 8 9 10 11 13 14 
Node 6: 4 5 7 8 9 10 11 13 14 
Node 7: 4 5 6 8 9 10 11 13 14 
Node 8: 4 5 6 7 9 10 11 13 14 
Node 9: 4 5 6 7 8 10 11 13 14 
Node 10: 4 5 6 7 8 9 11 13 14 
Node 11: 0 1 4 5 6 7 8 9 10 13 14 
Node 13: 0 1 4 5 6 7 8 9 10 11 14 
Node 14: 4 5 6 7 8 9 10 11 13 
Simplified nodes (reversed order from the simplification process): 
Coalesced moves: 
Remaining move pairs: (100, 0) 
Colored nodes:
0 -> 0
1 -> 1
4 -> 4
5 -> 5
6 -> 6
7 -> 7
8 -> 8
9 -> 9
10 -> 10
11 -> 11
13 -> 13
14 -> 14
100 -> 2
101 -> 0
107 -> 1
10400 -> 0
10600 -> 0


Coloring function __$main__^main with k=5 colors...
Coloring result:
Interference Graph: with #colors=5:
Node 0: 1 2 3 11 
Node 1: 0 2 3 11 
Node 2: 0 1 3 11 
Node 3: 0 1 2 11 
Node 4: 5 6 7 8 9 10 11 13 14 
Node 5: 4 6 7 8 9 10 11 13 14 
Node 6: 4 5 7 8 9 10 11 13 14 
Node 7: 4 5 6 8 9 10 11 13 14 
Node 8: 4 5 6 7 9 10 11 13 14 
Node 9: 4 5 6 7 8 10 11 13 14 
Node 10: 4 5 6 7 8 9 11 13 14 
Node 11: 0 1 2 3 4 5 6 7 8 9 10 13 14 
Node 13: 4 5 6 7 8 9 10 11 14 
Node 14: 4 5 6 7 8 9 10 11 13 
Simplified nodes (reversed order from the simplification process): 
Coalesced moves: 
Remaining move pairs: (0, 11400) (10101, 10102) (10300, 0) (10600, 10300) (11400, 10600) (11800, 10000) 
Spilled temps: 10000 10101 10102 10800 11400 13600 13700 
Colored nodes:
0 -> 0
1 -> 1
2 -> 2
3 -> 3
4 -> 4
5 -> 5
6 -> 6
7 -> 7
8 -> 8
9 -> 9
10 -> 10
11 -> 11
13 -> 13
14 -> 14
148 -> 0
149 -> 0
150 -> 0
151 -> 2
152 -> 2
153 -> 2
154 -> 2
155 -> 0
156 -> 1
157 -> 2
158 -> 2
159 -> 2
160 -> 2
161 -> 2
162 -> 0
163 -> 1
164 -> 0
165 -> 0
166 -> 0
167 -> 0
168 -> 0
169 -> 0
10100 -> 0
10300 -> 4
10400 -> 1
10500 -> 0
10600 -> 4
10700 -> 0
11200 -> 4
11300 -> 1
11500 -> 2
11600 -> 0
11800 -> 4
11900 -> 0
12900 -> 0
13800 -> 1
14200 -> 0
14300 -> 0


========== APPLYING COLORS FOR k=5 ==========
Writing colored assembly to: k5/insttest4.colored.s

========== REGISTER ALLOCATION WITH k=9 ==========

Coloring function C^m with k=9 colors...
Coloring result:
Interference Graph: with #colors=9:
Node 0: 11 13 
Node 1: 11 13 
Node 4: 5 6 7 8 9 10 11 13 14 
Node 5: 4 6 7 8 9 10 11 13 14 
Node 6: 4 5 7 8 9 10 11 13 14 
Node 7: 4 5 6 8 9 10 11 13 14 
Node 8: 4 5 6 7 9 10 11 13 14 
Node 9: 4 5 6 7 8 10 11 13 14 
Node 10: 4 5 6 7 8 9 11 13 14 
Node 11: 0 1 4 5 6 7 8 9 10 13 14 
Node 13: 0 1 4 5 6 7 8 9 10 11 14 
Node 14: 4 5 6 7 8 9 10 11 13 
Simplified nodes (reversed order from the simplification process): 
Coalesced moves: 
Remaining move pairs: (100, 0) 
Colored nodes:
0 -> 0
1 -> 1
4 -> 4
5 -> 5
6 -> 6
7 -> 7
8 -> 8
9 -> 9
10 -> 10
11 -> 11
13 -> 13
14 -> 14
100 -> 2
101 -> 0
107 -> 1
10400 -> 0
10600 -> 0


Coloring function __$main__^main with k=9 colors...
Coloring result:
Interference Graph: with #colors=9:
Node 0: 1 2 3 11 
Node 1: 0 2 3 11 
Node 2: 0 1 3 11 
Node 3: 0 1 2 11 
Node 4: 5 6 7 8 9 10 11 13 14 
Node 5: 4 6 7 8 9 10 11 13 14 
Node 6: 4 5 7 8 9 10 11 13 14 
Node 7: 4 5 6 8 9 10 11 13 14 
Node 8: 4 5 6 7 9 10 11 13 14 
Node 9: 4 5 6 7 8 10 11 13 14 
Node 10: 4 5 6 7 8 9 11 13 14 
Node 11: 0 1 2 3 4 5 6 7 8 9 10 13 14 
Node 13: 4 5 6 7 8 9 10 11 14 
Node 14: 4 5 6 7 8 9 10 11 13 
Simplified nodes (reversed order from the simplification process): 
Coalesced moves: 
Remaining move pairs: 
Spilled temps: 10000 10101 
Colored nodes:
0 -> 0
1 -> 1
2 -> 2
3 -> 3
4 -> 4
5 -> 5
6 -> 6
7 -> 7
8 -> 8
9 -> 9
10 -> 10
11 -> 11
13 -> 13
14 -> 14
148 -> 0
149 -> 0
150 -> 1
151 -> 2
152 -> 2
153 -> 2
154 -> 2
155 -> 0
156 -> 1
157 -> 2
158 -> 2
159 -> 2
160 -> 2
161 -> 2
162 -> 0
163 -> 1
164 -> 0
165 -> 0
166 -> 0
167 -> 0
168 -> 0
169 -> 0
10100 -> 0
10102 -> 5
10300 -> 4
10400 -> 0
10500 -> 0
10600 -> 4
10700 -> 0
10800 -> 6
11200 -> 5
11300 -> 1
11400 -> 4
11500 -> 2
11600 -> 0
11800 -> 4
11900 -> 0
12900 -> 1
13600 -> 6
13700 -> 5
13800 -> 1
14200 -> 0
14300 -> 0


========== APPLYING COLORS FOR k=9 ==========
Writing colored assembly to: k9/insttest4.colored.s

Done.
Reading optloopivtest1.5-xml.asm
Reading assembly program from: optloopivtest1.5-xml.asm
Writing assembly to: optloopivtest1.s

Building interference graphs...

Interference Graph for function: __$main__^main
Interference Graph: size=24
Node 0: 1 2 3 11 10001 10002 
Node 1: 0 2 3 11 10001 10002 
Node 2: 0 1 3 11 10001 10002 
Node 3: 0 1 2 11 10001 10002 
Node 4: 5 6 7 8 9 10 11 13 14 10001 
Node 5: 4 6 7 8 9 10 11 13 14 10001 
Node 6: 4 5 7 8 9 10 11 13 14 10001 
Node 7: 4 5 6 8 9 10 11 13 14 10001 
Node 8: 4 5 6 7 9 10 11 13 14 10001 
Node 9: 4 5 6 7 8 10 11 13 14 10001 
Node 10: 4 5 6 7 8 9 11 13 14 10001 
Node 11: 0 1 2 3 4 5 6 7 8 9 10 13 14 112 113 114 115 116 10000 10001 10002 10300 10800 
Node 13: 4 5 6 7 8 9 10 11 14 10001 
Node 14: 4 5 6 7 8 9 10 11 13 10001 
Node 112: 11 10002 
Node 113: 11 10002 
Node 114: 11 10001 
Node 115: 11 10001 
Node 116: 11 10001 
Node 10000: 11 
Node 10001: 0 1 2 3 4 5 6 7 8 9 10 11 13 14 114 115 116 
Node 10002: 0 1 2 3 11 112 113 10300 10800 
Node 10300: 11 10002 
Node 10800: 11 10002 
Move pairs: 
(0, 113) (0, 114) (0, 116) (0, 10300) (10000, 0) (10001, 10000) (10001, 10002) 

========== REGISTER ALLOCATION WITH k=2 ==========

Coloring function __$main__^main with k=2 colors...
Coloring result:
Interference Graph: with #colors=2:
Node 0: 1 2 3 11 
Node 1: 0 2 3 11 
Node 2: 0 1 3 11 
Node 3: 0 1 2 11 
Node 4: 5 6 7 8 9 10 11 13 14 
Node 5: 4 6 7 8 9 10 11 13 14 
Node 6: 4 5 7 8 9 10 11 13 14 
Node 7: 4 5 6 8 9 10 11 13 14 
Node 8: 4 5 6 7 9 10 11 13 14 
Node 9: 4 5 6 7 8 10 11 13 14 
Node 10: 4 5 6 7 8 9 11 13 14 
Node 11: 0 1 2 3 4 5 6 7 8 9 10 13 14 
Node 13: 4 5 6 7 8 9 10 11 14 
Node 14: 4 5 6 7 8 9 10 11 13 
Simplified nodes (reversed order from the simplification process): 
Coalesced moves: 
Remaining move pairs: (10001, 10002) 
Spilled temps: 10001 10002 
Colored nodes:
0 -> 0
1 -> 1
2 -> 2
3 -> 3
4 -> 4
5 -> 5
6 -> 6
7 -> 7
8 -> 8
9 -> 9
10 -> 10
11 -> 11
13 -> 13
14 -> 14
112 -> 0
113 -> 0
114 -> 0
115 -> 0
116 -> 0
10000 -> 0
10300 -> 0
10800 -> 0


========== APPLYING COLORS FOR k=2 ==========
Writing colored assembly to: k2/optloopivtest1.colored.s

========== REGISTER ALLOCATION WITH k=5 ==========

Coloring function __$main__^main with k=5 colors...
Coloring result:
Interference Graph: with #colors=5:
Node 0: 1 2 3 11 
Node 1: 0 2 3 11 
Node 2: 0 1 3 11 
Node 3: 0 1 2 11 
Node 4: 5 6 7 8 9 10 11 13 14 
Node 5: 4 6 7 8 9 10 11 13 14 
Node 6: 4 5 7 8 9 10 11 13 14 
Node 7: 4 5 6 8 9 10 11 13 14 
Node 8: 4 5 6 7 9 10 11 13 14 
Node 9: 4 5 6 7 8 10 11 13 14 
Node 10: 4 5 6 7 8 9 11 13 14 
Node 11: 0 1 2 3 4 5 6 7 8 9 10 13 14 
Node 13: 4 5 6 7 8 9 10 11 14 
Node 14: 4 5 6 7 8 9 10 11 13 
Simplified nodes (reversed order from the simplification process): 
Coalesced moves: 
Remaining move pairs: (10001, 10002) 
Spilled temps: 10001 
Colored nodes:
0 -> 0
1 -> 1
2 -> 2
3 -> 3
4 -> 4
5 -> 5
6 -> 6
7 -> 7
8 -> 8
9 -> 9
10 -> 10
11 -> 11
13 -> 13
14 -> 14
112 -> 0
113 -> 0
114 -> 0
115 -> 0
116 -> 0
10000 -> 0
10002 -> 4
10300 -> 0
10800 -> 0


========== APPLYING COLORS FOR k=5 ==========
Writing colored assembly to: k5/optloopivtest1.colored.s

========== REGISTER ALLOCATION WITH k=9 ==========

Coloring function __$main__^main with k=9 colors...
Coloring result:
Interference Graph: with #colors=9:
Node 0: 1 2 3 11 
Node 1: 0 2 3 11 
Node 2: 0 1 3 11 
Node 3: 0 1 2 11 
Node 4: 5 6 7 8 9 10 11 13 14 
Node 5: 4 6 7 8 9 10 11 13 14 
Node 6: 4 5 7 8 9 10 11 13 14 
Node 7: 4 5 6 8 9 10 11 13 14 
Node 8: 4 5 6 7 9 10 11 13 14 
Node 9: 4 5 6 7 8 10 11 13 14 
Node 10: 4 5 6 7 8 9 11 13 14 
Node 11: 0 1 2 3 4 5 6 7 8 9 10 13 14 
Node 13: 4 5 6 7 8 9 10 11 14 
Node 14: 4 5 6 7 8 9 10 11 13 
Simplified nodes (reversed order from the simplification process): 
Coalesced moves: 
Remaining move pairs: 
Spilled temps: 10001 
Colored nodes:
0 -> 0
1 -> 1
2 -> 2
3 -> 3
4 -> 4
5 -> 5
6 -> 6
7 -> 7
8 -> 8
9 -> 9
10 -> 10
11 -> 11
13 -> 13
14 -> 14
112 -> 0
113 -> 0
114 -> 0
115 -> 0
116 -> 0
10000 -> 0
10002 -> 4
10300 -> 0
10800 -> 0


========== APPLYING COLORS FOR k=9 ==========
Writing colored assembly to: k9/optloopivtest1.colored.s

Done.
Reading optloopivtest2.5-xml.asm
Reading assembly program from: optloopivtest2.5-xml.asm
Writing assembly to: optloopivtest2.s

Building interference graphs...

Interference Graph for function: __$main__^main
Interference Graph: size=24
Node 0: 1 2 3 11 10001 10002 
Node 1: 0 2 3 11 10001 10002 
Node 2: 0 1 3 11 10001 10002 
Node 3: 0 1 2 11 10001 10002 
Node 4: 5 6 7 8 9 10 11 13 14 10001 
Node 5: 4 6 7 8 9 10 11 13 14 10001 
Node 6: 4 5 7 8 9 10 11 13 14 10001 
Node 7: 4 5 6 8 9 10 11 13 14 10001 
Node 8: 4 5 6 7 9 10 11 13 14 10001 
Node 9: 4 5 6 7 8 10 11 13 14 10001 
Node 10: 4 5 6 7 8 9 11 13 14 10001 
Node 11: 0 1 2 3 4 5 6 7 8 9 10 13 14 114 115 116 117 118 10000 10001 10002 10300 10900 
Node 13: 4 5 6 7 8 9 10 11 14 10001 
Node 14: 4 5 6 7 8 9 10 11 13 10001 
Node 114: 11 10001 
Node 115: 11 10002 
Node 116: 11 10001 
Node 117: 11 10001 
Node 118: 11 10001 
Node 10000: 11 
Node 10001: 0 1 2 3 4 5 6 7 8 9 10 11 13 14 114 116 117 118 10900 
Node 10002: 0 1 2 3 11 115 10300 10900 
Node 10300: 11 10002 
Node 10900: 11 10001 10002 
Move pairs: 
(0, 115) (0, 116) (0, 118) (0, 10001) (0, 10300) (10000, 0) (10001, 10000) (10001, 10002) 

========== REGISTER ALLOCATION WITH k=2 ==========

Coloring function __$main__^main with k=2 colors...
Coloring result:
Interference Graph: with #colors=2:
Node 0: 1 2 3 11 
Node 1: 0 2 3 11 
Node 2: 0 1 3 11 
Node 3: 0 1 2 11 
Node 4: 5 6 7 8 9 10 11 13 14 
Node 5: 4 6 7 8 9 10 11 13 14 
Node 6: 4 5 7 8 9 10 11 13 14 
Node 7: 4 5 6 8 9 10 11 13 14 
Node 8: 4 5 6 7 9 10 11 13 14 
Node 9: 4 5 6 7 8 10 11 13 14 
Node 10: 4 5 6 7 8 9 11 13 14 
Node 11: 0 1 2 3 4 5 6 7 8 9 10 13 14 
Node 13: 4 5 6 7 8 9 10 11 14 
Node 14: 4 5 6 7 8 9 10 11 13 
Simplified nodes (reversed order from the simplification process): 
Coalesced moves: 
Remaining move pairs: (0, 10001) (10001, 10002) 
Spilled temps: 10001 10002 
Colored nodes:
0 -> 0
1 -> 1
2 -> 2
3 -> 3
4 -> 4
5 -> 5
6 -> 6
7 -> 7
8 -> 8
9 -> 9
10 -> 10
11 -> 11
13 -> 13
14 -> 14
114 -> 0
115 -> 0
116 -> 0
117 -> 0
118 -> 0
10000 -> 0
10300 -> 0
10900 -> 0


========== APPLYING COLORS FOR k=2 ==========
Writing colored assembly to: k2/optloopivtest2.colored.s

========== REGISTER ALLOCATION WITH k=5 ==========

Coloring function __$main__^main with k=5 colors...
Coloring result:
Interference Graph: with #colors=5:
Node 0: 1 2 3 11 
Node 1: 0 2 3 11 
Node 2: 0 1 3 11 
Node 3: 0 1 2 11 
Node 4: 5 6 7 8 9 10 11 13 14 
Node 5: 4 6 7 8 9 10 11 13 14 
Node 6: 4 5 7 8 9 10 11 13 14 
Node 7: 4 5 6 8 9 10 11 13 14 
Node 8: 4 5 6 7 9 10 11 13 14 
Node 9: 4 5 6 7 8 10 11 13 14 
Node 10: 4 5 6 7 8 9 11 13 14 
Node 11: 0 1 2 3 4 5 6 7 8 9 10 13 14 
Node 13: 4 5 6 7 8 9 10 11 14 
Node 14: 4 5 6 7 8 9 10 11 13 
Simplified nodes (reversed order from the simplification process): 
Coalesced moves: 
Remaining move pairs: (0, 10001) (10001, 10002) 
Spilled temps: 10001 
Colored nodes:
0 -> 0
1 -> 1
2 -> 2
3 -> 3
4 -> 4
5 -> 5
6 -> 6
7 -> 7
8 -> 8
9 -> 9
10 -> 10
11 -> 11
13 -> 13
14 -> 14
114 -> 0
115 -> 0
116 -> 0
117 -> 0
118 -> 0
10000 -> 0
10002 -> 4
10300 -> 0
10900 -> 0


========== APPLYING COLORS FOR k=5 ==========
Writing colored assembly to: k5/optloopivtest2.colored.s

========== REGISTER ALLOCATION WITH k=9 ==========

Coloring function __$main__^main with k=9 colors...
Coloring result:
Interference Graph: with #colors=9:
Node 0: 1 2 3 11 
Node 1: 0 2 3 11 
Node 2: 0 1 3 11 
Node 3: 0 1 2 11 
Node 4: 5 6 7 8 9 10 11 13 14 
Node 5: 4 6 7 8 9 10 11 13 14 
Node 6: 4 5 7 8 9 10 11 13 14 
Node 7: 4 5 6 8 9 10 11 13 14 
Node 8: 4 5 6 7 9 10 11 13 14 
Node 9: 4 5 6 7 8 10 11 13 14 
Node 10: 4 5 6 7 8 9 11 13 14 
Node 11: 0 1 2 3 4 5 6 7 8 9 10 13 14 
Node 13: 4 5 6 7 8 9 10 11 14 
Node 14: 4 5 6 7 8 9 10 11 13 
Simplified nodes (reversed order from the simplification process): 
Coalesced moves: 
Remaining move pairs: (0, 10001) 
Spilled temps: 10001 
Colored nodes:
0 -> 0
1 -> 1
2 -> 2
3 -> 3
4 -> 4
5 -> 5
6 -> 6
7 -> 7
8 -> 8
9 -> 9
10 -> 10
11 -> 11
13 -> 13
14 -> 14
114 -> 0
115 -> 0
116 -> 0
117 -> 0
118 -> 0
10000 -> 0
10002 -> 4
10300 -> 0
10900 -> 0


========== APPLYING COLORS FOR k=9 ==========
Writing colored assembly to: k9/optloopivtest2.colored.s

Done.
Reading optloopivtest3.5-xml.asm
Reading assembly program from: optloopivtest3.5-xml.asm
Writing assembly to: optloopivtest3.s

Building interference graphs...

Interference Graph for function: __$main__^main
Interference Graph: size=26
Node 0: 1 2 3 11 10200 10201 10202 10300 10301 10302 10400 
Node 1: 0 2 3 11 10200 10201 10202 10300 10301 10302 10400 
Node 2: 0 1 3 11 10200 10201 10202 10300 10301 10302 10400 
Node 3: 0 1 2 11 10200 10201 10202 10300 10301 10302 10400 
Node 4: 5 6 7 8 9 10 11 13 14 10301 10400 
Node 5: 4 6 7 8 9 10 11 13 14 10301 10400 
Node 6: 4 5 7 8 9 10 11 13 14 10301 10400 
Node 7: 4 5 6 8 9 10 11 13 14 10301 10400 
Node 8: 4 5 6 7 9 10 11 13 14 10301 10400 
Node 9: 4 5 6 7 8 10 11 13 14 10301 10400 
Node 10: 4 5 6 7 8 9 11 13 14 10301 10400 
Node 11: 0 1 2 3 4 5 6 7 8 9 10 13 14 117 118 119 120 10200 10201 10202 10300 10301 10302 10400 11300 
Node 13: 4 5 6 7 8 9 10 11 14 10301 10400 
Node 14: 4 5 6 7 8 9 10 11 13 10301 10400 
Node 117: 11 10302 10400 
Node 118: 11 10202 10302 10400 
Node 119: 11 10201 10301 10400 
Node 120: 11 10201 10301 10400 
Node 10200: 0 1 2 3 11 10300 10301 10400 
Node 10201: 0 1 2 3 11 119 120 10301 10400 
Node 10202: 0 1 2 3 11 118 10301 10302 10400 
Node 10300: 0 1 2 3 11 10200 10400 
Node 10301: 0 1 2 3 4 5 6 7 8 9 10 11 13 14 119 120 10200 10201 10202 10400 
Node 10302: 0 1 2 3 11 117 118 10202 10400 11300 
Node 10400: 0 1 2 3 4 5 6 7 8 9 10 11 13 14 117 118 119 120 10200 10201 10202 10300 10301 10302 11300 
Node 11300: 11 10302 10400 
Move pairs: 
(0, 118) (0, 119) (0, 10201) (0, 10202) (10201, 10200) (10201, 10202) (10300, 0) (10301, 10300) (10301, 10302) (10400, 0) 

========== REGISTER ALLOCATION WITH k=2 ==========

Coloring function __$main__^main with k=2 colors...
Coloring result:
Interference Graph: with #colors=2:
Node 0: 1 2 3 11 
Node 1: 0 2 3 11 
Node 2: 0 1 3 11 
Node 3: 0 1 2 11 
Node 4: 5 6 7 8 9 10 11 13 14 
Node 5: 4 6 7 8 9 10 11 13 14 
Node 6: 4 5 7 8 9 10 11 13 14 
Node 7: 4 5 6 8 9 10 11 13 14 
Node 8: 4 5 6 7 9 10 11 13 14 
Node 9: 4 5 6 7 8 10 11 13 14 
Node 10: 4 5 6 7 8 9 11 13 14 
Node 11: 0 1 2 3 4 5 6 7 8 9 10 13 14 
Node 13: 4 5 6 7 8 9 10 11 14 
Node 14: 4 5 6 7 8 9 10 11 13 
Simplified nodes (reversed order from the simplification process): 
Coalesced moves: 
Remaining move pairs: (0, 10201) (0, 10202) (10201, 10200) (10201, 10202) (10300, 0) (10301, 10300) (10301, 10302) (10400, 0) 
Spilled temps: 10200 10201 10202 10300 10301 10302 10400 
Colored nodes:
0 -> 0
1 -> 1
2 -> 2
3 -> 3
4 -> 4
5 -> 5
6 -> 6
7 -> 7
8 -> 8
9 -> 9
10 -> 10
11 -> 11
13 -> 13
14 -> 14
117 -> 0
118 -> 0
119 -> 0
120 -> 0
11300 -> 0


========== APPLYING COLORS FOR k=2 ==========
Writing colored assembly to: k2/optloopivtest3.colored.s

========== REGISTER ALLOCATION WITH k=5 ==========

Coloring function __$main__^main with k=5 colors...
Coloring result:
Interference Graph: with #colors=5:
Node 0: 1 2 3 11 
Node 1: 0 2 3 11 
Node 2: 0 1 3 11 
Node 3: 0 1 2 11 
Node 4: 5 6 7 8 9 10 11 13 14 
Node 5: 4 6 7 8 9 10 11 13 14 
Node 6: 4 5 7 8 9 10 11 13 14 
Node 7: 4 5 6 8 9 10 11 13 14 
Node 8: 4 5 6 7 9 10 11 13 14 
Node 9: 4 5 6 7 8 10 11 13 14 
Node 10: 4 5 6 7 8 9 11 13 14 
Node 11: 0 1 2 3 4 5 6 7 8 9 10 13 14 
Node 13: 4 5 6 7 8 9 10 11 14 
Node 14: 4 5 6 7 8 9 10 11 13 
Simplified nodes (reversed order from the simplification process): 
Coalesced moves: 
Remaining move pairs: (0, 10201) (0, 10202) (10201, 10200) (10201, 10202) (10300, 0) (10301, 10300) (10301, 10302) (10400, 0) 
Spilled temps: 10200 10202 10301 10400 
Colored nodes:
0 -> 0
1 -> 1
2 -> 2
3 -> 3
4 -> 4
5 -> 5
6 -> 6
7 -> 7
8 -> 8
9 -> 9
10 -> 10
11 -> 11
13 -> 13
14 -> 14
117 -> 0
118 -> 0
119 -> 0
120 -> 0
10201 -> 4
10300 -> 4
10302 -> 4
11300 -> 0


========== APPLYING COLORS FOR k=5 ==========
Writing colored assembly to: k5/optloopivtest3.colored.s

========== REGISTER ALLOCATION WITH k=9 ==========

Coloring function __$main__^main with k=9 colors...
Coloring result:
Interference Graph: with #colors=9:
Node 0: 1 2 3 11 
Node 1: 0 2 3 11 
Node 2: 0 1 3 11 
Node 3: 0 1 2 11 
Node 4: 5 6 7 8 9 10 11 13 14 
Node 5: 4 6 7 8 9 10 11 13 14 
Node 6: 4 5 7 8 9 10 11 13 14 
Node 7: 4 5 6 8 9 10 11 13 14 
Node 8: 4 5 6 7 9 10 11 13 14 
Node 9: 4 5 6 7 8 10 11 13 14 
Node 10: 4 5 6 7 8 9 11 13 14 
Node 11: 0 1 2 3 4 5 6 7 8 9 10 13 14 
Node 13: 4 5 6 7 8 9 10 11 14 
Node 14: 4 5 6 7 8 9 10 11 13 
Simplified nodes (reversed order from the simplification process): 
Coalesced moves: 
Remaining move pairs: (10400, 0) 
Spilled temps: 10301 10400 
Colored nodes:
0 -> 0
1 -> 1
2 -> 2
3 -> 3
4 -> 4
5 -> 5
6 -> 6
7 -> 7
8 -> 8
9 -> 9
10 -> 10
11 -> 11
13 -> 13
14 -> 14
117 -> 0
118 -> 0
119 -> 0
120 -> 0
10200 -> 5
10201 -> 4
10202 -> 5
10300 -> 4
10302 -> 4
11300 -> 0


========== APPLYING COLORS FOR k=9 ==========
Writing colored assembly to: k9/optloopivtest3.colored.s

Done.
Reading optloopivtest4.5-xml.asm
Reading assembly program from: optloopivtest4.5-xml.asm
Writing assembly to: optloopivtest4.s

Building interference graphs...

Interference Graph for function: __$main__^main
Interference Graph: size=23
Node 0: 1 2 3 11 10101 10102 
Node 1: 0 2 3 11 10101 10102 
Node 2: 0 1 3 11 10101 10102 
Node 3: 0 1 2 11 10101 10102 
Node 4: 5 6 7 8 9 10 11 13 14 10101 
Node 5: 4 6 7 8 9 10 11 13 14 10101 
Node 6: 4 5 7 8 9 10 11 13 14 10101 
Node 7: 4 5 6 8 9 10 11 13 14 10101 
Node 8: 4 5 6 7 9 10 11 13 14 10101 
Node 9: 4 5 6 7 8 10 11 13 14 10101 
Node 10: 4 5 6 7 8 9 11 13 14 10101 
Node 11: 0 1 2 3 4 5 6 7 8 9 10 13 14 112 113 114 115 10000 10100 10101 10102 10700 
Node 13: 4 5 6 7 8 9 10 11 14 10101 
Node 14: 4 5 6 7 8 9 10 11 13 10101 
Node 112: 11 10102 
Node 113: 11 10102 
Node 114: 11 10101 
Node 115: 11 10101 
Node 10000: 11 10102 
Node 10100: 11 
Node 10101: 0 1 2 3 4 5 6 7 8 9 10 11 13 14 114 115 
Node 10102: 0 1 2 3 11 112 113 10000 10700 
Node 10700: 11 10102 
Move pairs: 
(0, 113) (0, 114) (0, 10000) (0, 10101) (10101, 10100) (10101, 10102) 

========== REGISTER ALLOCATION WITH k=2 ==========

Coloring function __$main__^main with k=2 colors...
Coloring result:
Interference Graph: with #colors=2:
Node 0: 1 2 3 11 
Node 1: 0 2 3 11 
Node 2: 0 1 3 11 
Node 3: 0 1 2 11 
Node 4: 5 6 7 8 9 10 11 13 14 
Node 5: 4 6 7 8 9 10 11 13 14 
Node 6: 4 5 7 8 9 10 11 13 14 
Node 7: 4 5 6 8 9 10 11 13 14 
Node 8: 4 5 6 7 9 10 11 13 14 
Node 9: 4 5 6 7 8 10 11 13 14 
Node 10: 4 5 6 7 8 9 11 13 14 
Node 11: 0 1 2 3 4 5 6 7 8 9 10 13 14 
Node 13: 4 5 6 7 8 9 10 11 14 
Node 14: 4 5 6 7 8 9 10 11 13 
Simplified nodes (reversed order from the simplification process): 
Coalesced moves: 
Remaining move pairs: (0, 10101) (10101, 10102) 
Spilled temps: 10101 10102 
Colored nodes:
0 -> 0
1 -> 1
2 -> 2
3 -> 3
4 -> 4
5 -> 5
6 -> 6
7 -> 7
8 -> 8
9 -> 9
10 -> 10
11 -> 11
13 -> 13
14 -> 14
112 -> 0
113 -> 0
114 -> 0
115 -> 0
10000 -> 0
10100 -> 0
10700 -> 0


========== APPLYING COLORS FOR k=2 ==========
Writing colored assembly to: k2/optloopivtest4.colored.s

========== REGISTER ALLOCATION WITH k=5 ==========

Coloring function __$main__^main with k=5 colors...
Coloring result:
Interference Graph: with #colors=5:
Node 0: 1 2 3 11 
Node 1: 0 2 3 11 
Node 2: 0 1 3 11 
Node 3: 0 1 2 11 
Node 4: 5 6 7 8 9 10 11 13 14 
Node 5: 4 6 7 8 9 10 11 13 14 
Node 6: 4 5 7 8 9 10 11 13 14 
Node 7: 4 5 6 8 9 10 11 13 14 
Node 8: 4 5 6 7 9 10 11 13 14 
Node 9: 4 5 6 7 8 10 11 13 14 
Node 10: 4 5 6 7 8 9 11 13 14 
Node 11: 0 1 2 3 4 5 6 7 8 9 10 13 14 
Node 13: 4 5 6 7 8 9 10 11 14 
Node 14: 4 5 6 7 8 9 10 11 13 
Simplified nodes (reversed order from the simplification process): 
Coalesced moves: 
Remaining move pairs: (0, 10101) (10101, 10102) 
Spilled temps: 10101 
Colored nodes:
0 -> 0
1 -> 1
2 -> 2
3 -> 3
4 -> 4
5 -> 5
6 -> 6
7 -> 7
8 -> 8
9 -> 9
10 -> 10
11 -> 11
13 -> 13
14 -> 14
112 -> 0
113 -> 0
114 -> 0
115 -> 0
10000 -> 0
10100 -> 0
10102 -> 4
10700 -> 0


========== APPLYING COLORS FOR k=5 ==========
Writing colored assembly to: k5/optloopivtest4.colored.s

========== REGISTER ALLOCATION WITH k=9 ==========

Coloring function __$main__^main with k=9 colors...
Coloring result:
Interference Graph: with #colors=9:
Node 0: 1 2 3 11 
Node 1: 0 2 3 11 
Node 2: 0 1 3 11 
Node 3: 0 1 2 11 
Node 4: 5 6 7 8 9 10 11 13 14 
Node 5: 4 6 7 8 9 10 11 13 14 
Node 6: 4 5 7 8 9 10 11 13 14 
Node 7: 4 5 6 8 9 10 11 13 14 
Node 8: 4 5 6 7 9 10 11 13 14 
Node 9: 4 5 6 7 8 10 11 13 14 
Node 10: 4 5 6 7 8 9 11 13 14 
Node 11: 0 1 2 3 4 5 6 7 8 9 10 13 14 
Node 13: 4 5 6 7 8 9 10 11 14 
Node 14: 4 5 6 7 8 9 10 11 13 
Simplified nodes (reversed order from the simplification process): 
Coalesced moves: 
Remaining move pairs: (0, 10101) 
Spilled temps: 10101 
Colored nodes:
0 -> 0
1 -> 1
2 -> 2
3 -> 3
4 -> 4
5 -> 5
6 -> 6
7 -> 7
8 -> 8
9 -> 9
10 -> 10
11 -> 11
13 -> 13
14 -> 14
112 -> 0
113 -> 0
114 -> 0
115 -> 0
10000 -> 0
10100 -> 0
10102 -> 4
10700 -> 0


========== APPLYING COLORS FOR k=9 ==========
Writing colored assembly to: k9/optloopivtest4.colored.s

Done.
Reading optloopivtest5.5-xml.asm
Reading assembly program from: optloopivtest5.5-xml.asm
Writing assembly to: optloopivtest5.s

Building interference graphs...

Interference Graph for function: __$main__^main
Interference Graph: size=29
Node 0: 1 2 3 11 10100 10102 10104 10200 10202 
Node 1: 0 2 3 11 10100 10102 10104 10200 10202 
Node 2: 0 1 3 11 10100 10102 10104 10200 10202 
Node 3: 0 1 2 11 10100 10102 10104 10200 10202 
Node 4: 5 6 7 8 9 10 11 13 14 10100 10200 
Node 5: 4 6 7 8 9 10 11 13 14 10100 10200 
Node 6: 4 5 7 8 9 10 11 13 14 10100 10200 
Node 7: 4 5 6 8 9 10 11 13 14 10100 10200 
Node 8: 4 5 6 7 9 10 11 13 14 10100 10200 
Node 9: 4 5 6 7 8 10 11 13 14 10100 10200 
Node 10: 4 5 6 7 8 9 11 13 14 10100 10200 
Node 11: 0 1 2 3 4 5 6 7 8 9 10 13 14 115 116 117 118 119 10000 10100 10101 10102 10103 10104 10200 10201 10202 11000 
Node 13: 4 5 6 7 8 9 10 11 14 10100 10200 
Node 14: 4 5 6 7 8 9 10 11 13 10100 10200 
Node 115: 11 10100 10200 10201 
Node 116: 11 10100 10102 10200 10202 
Node 117: 11 10100 10104 10200 
Node 118: 11 10000 10100 10200 
Node 119: 11 10100 10101 10200 10201 
Node 10000: 11 118 10100 10200 
Node 10100: 0 1 2 3 4 5 6 7 8 9 10 11 13 14 115 116 117 118 119 10000 10101 10102 10103 10104 10200 10201 10202 11000 
Node 10101: 11 119 10100 10200 10201 
Node 10102: 0 1 2 3 11 116 10100 10200 10201 10202 
Node 10103: 11 10100 10200 
Node 10104: 0 1 2 3 11 117 10100 10200 10201 
Node 10200: 0 1 2 3 4 5 6 7 8 9 10 11 13 14 115 116 117 118 119 10000 10100 10101 10102 10103 10104 10201 10202 11000 
Node 10201: 11 115 119 10100 10101 10102 10104 10200 11000 
Node 10202: 0 1 2 3 11 116 10100 10102 10200 11000 
Node 11000: 11 10100 10200 10201 10202 
Move pairs: 
(0, 116) (0, 117) (0, 10102) (0, 10104) (10000, 0) (10101, 10100) (10101, 10102) (10104, 10101) (10104, 10103) (10201, 10200) (10201, 10202) 

========== REGISTER ALLOCATION WITH k=2 ==========

Coloring function __$main__^main with k=2 colors...
Coloring result:
Interference Graph: with #colors=2:
Node 0: 1 2 3 11 
Node 1: 0 2 3 11 
Node 2: 0 1 3 11 
Node 3: 0 1 2 11 
Node 4: 5 6 7 8 9 10 11 13 14 
Node 5: 4 6 7 8 9 10 11 13 14 
Node 6: 4 5 7 8 9 10 11 13 14 
Node 7: 4 5 6 8 9 10 11 13 14 
Node 8: 4 5 6 7 9 10 11 13 14 
Node 9: 4 5 6 7 8 10 11 13 14 
Node 10: 4 5 6 7 8 9 11 13 14 
Node 11: 0 1 2 3 4 5 6 7 8 9 10 13 14 
Node 13: 4 5 6 7 8 9 10 11 14 
Node 14: 4 5 6 7 8 9 10 11 13 
Simplified nodes (reversed order from the simplification process): 
Coalesced moves: 
Remaining move pairs: (0, 10102) (0, 10104) (10201, 10200) (10201, 10202) 
Spilled temps: 10100 10102 10104 10200 10201 10202 
Colored nodes:
0 -> 0
1 -> 1
2 -> 2
3 -> 3
4 -> 4
5 -> 5
6 -> 6
7 -> 7
8 -> 8
9 -> 9
10 -> 10
11 -> 11
13 -> 13
14 -> 14
115 -> 0
116 -> 0
117 -> 0
118 -> 1
119 -> 1
10000 -> 0
10101 -> 0
10103 -> 0
11000 -> 0


========== APPLYING COLORS FOR k=2 ==========
Writing colored assembly to: k2/optloopivtest5.colored.s

========== REGISTER ALLOCATION WITH k=5 ==========

Coloring function __$main__^main with k=5 colors...
Coloring result:
Interference Graph: with #colors=5:
Node 0: 1 2 3 11 
Node 1: 0 2 3 11 
Node 2: 0 1 3 11 
Node 3: 0 1 2 11 
Node 4: 5 6 7 8 9 10 11 13 14 
Node 5: 4 6 7 8 9 10 11 13 14 
Node 6: 4 5 7 8 9 10 11 13 14 
Node 7: 4 5 6 8 9 10 11 13 14 
Node 8: 4 5 6 7 9 10 11 13 14 
Node 9: 4 5 6 7 8 10 11 13 14 
Node 10: 4 5 6 7 8 9 11 13 14 
Node 11: 0 1 2 3 4 5 6 7 8 9 10 13 14 
Node 13: 4 5 6 7 8 9 10 11 14 
Node 14: 4 5 6 7 8 9 10 11 13 
Simplified nodes (reversed order from the simplification process): 
Coalesced moves: 
Remaining move pairs: (0, 10102) (0, 10104) 
Spilled temps: 10100 10102 10200 
Colored nodes:
0 -> 0
1 -> 1
2 -> 2
3 -> 3
4 -> 4
5 -> 5
6 -> 6
7 -> 7
8 -> 8
9 -> 9
10 -> 10
11 -> 11
13 -> 13
14 -> 14
115 -> 1
116 -> 0
117 -> 0
118 -> 1
119 -> 2
10000 -> 0
10101 -> 1
10103 -> 0
10104 -> 4
10201 -> 0
10202 -> 4
11000 -> 1


========== APPLYING COLORS FOR k=5 ==========
Writing colored assembly to: k5/optloopivtest5.colored.s

========== REGISTER ALLOCATION WITH k=9 ==========

Coloring function __$main__^main with k=9 colors...
Coloring result:
Interference Graph: with #colors=9:
Node 0: 1 2 3 11 
Node 1: 0 2 3 11 
Node 2: 0 1 3 11 
Node 3: 0 1 2 11 
Node 4: 5 6 7 8 9 10 11 13 14 
Node 5: 4 6 7 8 9 10 11 13 14 
Node 6: 4 5 7 8 9 10 11 13 14 
Node 7: 4 5 6 8 9 10 11 13 14 
Node 8: 4 5 6 7 9 10 11 13 14 
Node 9: 4 5 6 7 8 10 11 13 14 
Node 10: 4 5 6 7 8 9 11 13 14 
Node 11: 0 1 2 3 4 5 6 7 8 9 10 13 14 
Node 13: 4 5 6 7 8 9 10 11 14 
Node 14: 4 5 6 7 8 9 10 11 13 
Simplified nodes (reversed order from the simplification process): 
Coalesced moves: 
Remaining move pairs: 
Spilled temps: 10100 10200 
Colored nodes:
0 -> 0
1 -> 1
2 -> 2
3 -> 3
4 -> 4
5 -> 5
6 -> 6
7 -> 7
8 -> 8
9 -> 9
10 -> 10
11 -> 11
13 -> 13
14 -> 14
115 -> 1
116 -> 0
117 -> 0
118 -> 1
119 -> 2
10000 -> 0
10101 -> 1
10102 -> 4
10103 -> 0
10104 -> 4
10201 -> 0
10202 -> 5
11000 -> 1


========== APPLYING COLORS FOR k=9 ==========
Writing colored assembly to: k9/optloopivtest5.colored.s

Done.
Reading optloopivtest6.5-xml.asm
Reading assembly program from: optloopivtest6.5-xml.asm
Writing assembly to: optloopivtest6.s

Building interference graphs...

Interference Graph for function: __$main__^main
Interference Graph: size=29
Node 0: 1 2 3 11 10000 10101 10102 10201 
Node 1: 0 2 3 11 10000 10101 10102 10201 
Node 2: 0 1 3 11 10000 10101 10102 10201 
Node 3: 0 1 2 11 10000 10101 10102 10201 
Node 4: 5 6 7 8 9 10 11 13 14 10000 10201 
Node 5: 4 6 7 8 9 10 11 13 14 10000 10201 
Node 6: 4 5 7 8 9 10 11 13 14 10000 10201 
Node 7: 4 5 6 8 9 10 11 13 14 10000 10201 
Node 8: 4 5 6 7 9 10 11 13 14 10000 10201 
Node 9: 4 5 6 7 8 10 11 13 14 10000 10201 
Node 10: 4 5 6 7 8 9 11 13 14 10000 10201 
Node 11: 0 1 2 3 4 5 6 7 8 9 10 13 14 115 116 117 118 119 10000 10100 10101 10102 10103 10104 10200 10201 10202 11000 
Node 13: 4 5 6 7 8 9 10 11 14 10000 10201 
Node 14: 4 5 6 7 8 9 10 11 13 10000 10201 
Node 115: 11 10000 10201 
Node 116: 11 10000 10102 10201 
Node 117: 11 10000 10101 10201 
Node 118: 11 10000 10101 10201 
Node 119: 11 10000 10201 
Node 10000: 0 1 2 3 4 5 6 7 8 9 10 11 13 14 115 116 117 118 119 10100 10101 10102 10103 10104 10200 10201 10202 11000 
Node 10100: 11 10000 10200 10201 
Node 10101: 0 1 2 3 11 117 118 10000 10201 
Node 10102: 0 1 2 3 11 116 10000 10201 
Node 10103: 11 10000 10201 
Node 10104: 11 10000 10201 10202 
Node 10200: 11 10000 10100 
Node 10201: 0 1 2 3 4 5 6 7 8 9 10 11 13 14 115 116 117 118 119 10000 10100 10101 10102 10103 10104 11000 
Node 10202: 11 10000 10104 
Node 11000: 11 10000 10201 
Move pairs: 
(0, 116) (0, 117) (0, 10101) (0, 10102) (10000, 0) (10101, 10100) (10101, 10104) (10104, 10102) (10104, 10103) (10201, 10200) (10201, 10202) 

========== REGISTER ALLOCATION WITH k=2 ==========

Coloring function __$main__^main with k=2 colors...
Coloring result:
Interference Graph: with #colors=2:
Node 0: 1 2 3 11 
Node 1: 0 2 3 11 
Node 2: 0 1 3 11 
Node 3: 0 1 2 11 
Node 4: 5 6 7 8 9 10 11 13 14 
Node 5: 4 6 7 8 9 10 11 13 14 
Node 6: 4 5 7 8 9 10 11 13 14 
Node 7: 4 5 6 8 9 10 11 13 14 
Node 8: 4 5 6 7 9 10 11 13 14 
Node 9: 4 5 6 7 8 10 11 13 14 
Node 10: 4 5 6 7 8 9 11 13 14 
Node 11: 0 1 2 3 4 5 6 7 8 9 10 13 14 
Node 13: 4 5 6 7 8 9 10 11 14 
Node 14: 4 5 6 7 8 9 10 11 13 
Simplified nodes (reversed order from the simplification process): 
Coalesced moves: 
Remaining move pairs: (0, 10101) (0, 10102) (10000, 0) (10101, 10100) (10101, 10104) (10104, 10102) 
Spilled temps: 10000 10101 10102 10201 
Colored nodes:
0 -> 0
1 -> 1
2 -> 2
3 -> 3
4 -> 4
5 -> 5
6 -> 6
7 -> 7
8 -> 8
9 -> 9
10 -> 10
11 -> 11
13 -> 13
14 -> 14
115 -> 0
116 -> 0
117 -> 0
118 -> 0
119 -> 0
10100 -> 1
10103 -> 0
10104 -> 1
10200 -> 0
10202 -> 0
11000 -> 0


========== APPLYING COLORS FOR k=2 ==========
Writing colored assembly to: k2/optloopivtest6.colored.s

========== REGISTER ALLOCATION WITH k=5 ==========

Coloring function __$main__^main with k=5 colors...
Coloring result:
Interference Graph: with #colors=5:
Node 0: 1 2 3 11 
Node 1: 0 2 3 11 
Node 2: 0 1 3 11 
Node 3: 0 1 2 11 
Node 4: 5 6 7 8 9 10 11 13 14 
Node 5: 4 6 7 8 9 10 11 13 14 
Node 6: 4 5 7 8 9 10 11 13 14 
Node 7: 4 5 6 8 9 10 11 13 14 
Node 8: 4 5 6 7 9 10 11 13 14 
Node 9: 4 5 6 7 8 10 11 13 14 
Node 10: 4 5 6 7 8 9 11 13 14 
Node 11: 0 1 2 3 4 5 6 7 8 9 10 13 14 
Node 13: 4 5 6 7 8 9 10 11 14 
Node 14: 4 5 6 7 8 9 10 11 13 
Simplified nodes (reversed order from the simplification process): 
Coalesced moves: 
Remaining move pairs: (0, 10101) (0, 10102) (10000, 0) 
Spilled temps: 10000 10201 
Colored nodes:
0 -> 0
1 -> 1
2 -> 2
3 -> 3
4 -> 4
5 -> 5
6 -> 6
7 -> 7
8 -> 8
9 -> 9
10 -> 10
11 -> 11
13 -> 13
14 -> 14
115 -> 0
116 -> 0
117 -> 0
118 -> 0
119 -> 0
10100 -> 1
10101 -> 4
10102 -> 4
10103 -> 0
10104 -> 1
10200 -> 0
10202 -> 0
11000 -> 0


========== APPLYING COLORS FOR k=5 ==========
Writing colored assembly to: k5/optloopivtest6.colored.s

========== REGISTER ALLOCATION WITH k=9 ==========

Coloring function __$main__^main with k=9 colors...
Coloring result:
Interference Graph: with #colors=9:
Node 0: 1 2 3 11 
Node 1: 0 2 3 11 
Node 2: 0 1 3 11 
Node 3: 0 1 2 11 
Node 4: 5 6 7 8 9 10 11 13 14 
Node 5: 4 6 7 8 9 10 11 13 14 
Node 6: 4 5 7 8 9 10 11 13 14 
Node 7: 4 5 6 8 9 10 11 13 14 
Node 8: 4 5 6 7 9 10 11 13 14 
Node 9: 4 5 6 7 8 10 11 13 14 
Node 10: 4 5 6 7 8 9 11 13 14 
Node 11: 0 1 2 3 4 5 6 7 8 9 10 13 14 
Node 13: 4 5 6 7 8 9 10 11 14 
Node 14: 4 5 6 7 8 9 10 11 13 
Simplified nodes (reversed order from the simplification process): 
Coalesced moves: 
Remaining move pairs: (10000, 0) 
Spilled temps: 10000 10201 
Colored nodes:
0 -> 0
1 -> 1
2 -> 2
3 -> 3
4 -> 4
5 -> 5
6 -> 6
7 -> 7
8 -> 8
9 -> 9
10 -> 10
11 -> 11
13 -> 13
14 -> 14
115 -> 0
116 -> 0
117 -> 0
118 -> 0
119 -> 0
10100 -> 1
10101 -> 4
10102 -> 4
10103 -> 0
10104 -> 1
10200 -> 0
10202 -> 0
11000 -> 0


========== APPLYING COLORS FOR k=9 ==========
Writing colored assembly to: k9/optloopivtest6.colored.s

Done.
